Archive member included to satisfy reference by file (symbol)

/usr/local/Cellar/arm-gcc-bin@8/8-2019-q3-update/bin/../lib/gcc/arm-none-eabi/8.3.1/../../../../arm-none-eabi/lib/thumb/v6-m/nofp/libstdc++.a(del_ops.o)
                              CMakeFiles/devdeck-monitor.dir/devdeck-monitor.cpp.obj (operator delete(void*, unsigned int))
/usr/local/Cellar/arm-gcc-bin@8/8-2019-q3-update/bin/../lib/gcc/arm-none-eabi/8.3.1/../../../../arm-none-eabi/lib/thumb/v6-m/nofp/libstdc++.a(del_op.o)
                              /usr/local/Cellar/arm-gcc-bin@8/8-2019-q3-update/bin/../lib/gcc/arm-none-eabi/8.3.1/../../../../arm-none-eabi/lib/thumb/v6-m/nofp/libstdc++.a(del_ops.o) (operator delete(void*))
/usr/local/Cellar/arm-gcc-bin@8/8-2019-q3-update/bin/../lib/gcc/arm-none-eabi/8.3.1/../../../../arm-none-eabi/lib/thumb/v6-m/nofp/libstdc++.a(eh_personality.o)
                              CMakeFiles/devdeck-monitor.dir/devdeck-monitor.cpp.obj (__gxx_personality_v0)
/usr/local/Cellar/arm-gcc-bin@8/8-2019-q3-update/bin/../lib/gcc/arm-none-eabi/8.3.1/../../../../arm-none-eabi/lib/thumb/v6-m/nofp/libstdc++.a(eh_arm.o)
                              CMakeFiles/devdeck-monitor.dir/devdeck-monitor.cpp.obj (__cxa_end_cleanup)
/usr/local/Cellar/arm-gcc-bin@8/8-2019-q3-update/bin/../lib/gcc/arm-none-eabi/8.3.1/../../../../arm-none-eabi/lib/thumb/v6-m/nofp/libstdc++.a(eh_call.o)
                              /usr/local/Cellar/arm-gcc-bin@8/8-2019-q3-update/bin/../lib/gcc/arm-none-eabi/8.3.1/../../../../arm-none-eabi/lib/thumb/v6-m/nofp/libstdc++.a(eh_personality.o) (__cxa_call_terminate)
/usr/local/Cellar/arm-gcc-bin@8/8-2019-q3-update/bin/../lib/gcc/arm-none-eabi/8.3.1/../../../../arm-none-eabi/lib/thumb/v6-m/nofp/libstdc++.a(new_op.o)
                              CMakeFiles/devdeck-monitor.dir/devdeck-monitor.cpp.obj (operator new(unsigned int))
/usr/local/Cellar/arm-gcc-bin@8/8-2019-q3-update/bin/../lib/gcc/arm-none-eabi/8.3.1/../../../../arm-none-eabi/lib/thumb/v6-m/nofp/libstdc++.a(eh_terminate.o)
                              /usr/local/Cellar/arm-gcc-bin@8/8-2019-q3-update/bin/../lib/gcc/arm-none-eabi/8.3.1/../../../../arm-none-eabi/lib/thumb/v6-m/nofp/libstdc++.a(eh_call.o) (__cxxabiv1::__terminate(void (*)()))
/usr/local/Cellar/arm-gcc-bin@8/8-2019-q3-update/bin/../lib/gcc/arm-none-eabi/8.3.1/../../../../arm-none-eabi/lib/thumb/v6-m/nofp/libstdc++.a(eh_unex_handler.o)
                              /usr/local/Cellar/arm-gcc-bin@8/8-2019-q3-update/bin/../lib/gcc/arm-none-eabi/8.3.1/../../../../arm-none-eabi/lib/thumb/v6-m/nofp/libstdc++.a(eh_terminate.o) (__cxxabiv1::__unexpected_handler)
/usr/local/Cellar/arm-gcc-bin@8/8-2019-q3-update/bin/../lib/gcc/arm-none-eabi/8.3.1/../../../../arm-none-eabi/lib/thumb/v6-m/nofp/libstdc++.a(eh_catch.o)
                              /usr/local/Cellar/arm-gcc-bin@8/8-2019-q3-update/bin/../lib/gcc/arm-none-eabi/8.3.1/../../../../arm-none-eabi/lib/thumb/v6-m/nofp/libstdc++.a(eh_personality.o) (__cxa_begin_catch)
/usr/local/Cellar/arm-gcc-bin@8/8-2019-q3-update/bin/../lib/gcc/arm-none-eabi/8.3.1/../../../../arm-none-eabi/lib/thumb/v6-m/nofp/libstdc++.a(eh_globals.o)
                              /usr/local/Cellar/arm-gcc-bin@8/8-2019-q3-update/bin/../lib/gcc/arm-none-eabi/8.3.1/../../../../arm-none-eabi/lib/thumb/v6-m/nofp/libstdc++.a(eh_call.o) (__cxa_get_globals_fast)
/usr/local/Cellar/arm-gcc-bin@8/8-2019-q3-update/bin/../lib/gcc/arm-none-eabi/8.3.1/../../../../arm-none-eabi/lib/thumb/v6-m/nofp/libstdc++.a(eh_term_handler.o)
                              /usr/local/Cellar/arm-gcc-bin@8/8-2019-q3-update/bin/../lib/gcc/arm-none-eabi/8.3.1/../../../../arm-none-eabi/lib/thumb/v6-m/nofp/libstdc++.a(eh_terminate.o) (__cxxabiv1::__terminate_handler)
/usr/local/Cellar/arm-gcc-bin@8/8-2019-q3-update/bin/../lib/gcc/arm-none-eabi/8.3.1/../../../../arm-none-eabi/lib/thumb/v6-m/nofp/libstdc++.a(eh_exception.o)
                              /usr/local/Cellar/arm-gcc-bin@8/8-2019-q3-update/bin/../lib/gcc/arm-none-eabi/8.3.1/../../../../arm-none-eabi/lib/thumb/v6-m/nofp/libstdc++.a(eh_call.o) (std::bad_exception::~bad_exception())
/usr/local/Cellar/arm-gcc-bin@8/8-2019-q3-update/bin/../lib/gcc/arm-none-eabi/8.3.1/../../../../arm-none-eabi/lib/thumb/v6-m/nofp/libstdc++.a(eh_alloc.o)
                              /usr/local/Cellar/arm-gcc-bin@8/8-2019-q3-update/bin/../lib/gcc/arm-none-eabi/8.3.1/../../../../arm-none-eabi/lib/thumb/v6-m/nofp/libstdc++.a(eh_call.o) (__cxa_allocate_exception)
/usr/local/Cellar/arm-gcc-bin@8/8-2019-q3-update/bin/../lib/gcc/arm-none-eabi/8.3.1/../../../../arm-none-eabi/lib/thumb/v6-m/nofp/libstdc++.a(eh_throw.o)
                              /usr/local/Cellar/arm-gcc-bin@8/8-2019-q3-update/bin/../lib/gcc/arm-none-eabi/8.3.1/../../../../arm-none-eabi/lib/thumb/v6-m/nofp/libstdc++.a(eh_call.o) (__cxa_throw)
/usr/local/Cellar/arm-gcc-bin@8/8-2019-q3-update/bin/../lib/gcc/arm-none-eabi/8.3.1/../../../../arm-none-eabi/lib/thumb/v6-m/nofp/libstdc++.a(bad_alloc.o)
[...]
Memory Configuration

Name             Origin             Length             Attributes
FLASH            0x0000000010000000 0x0000000000200000 xr
RAM              0x0000000020000000 0x0000000000040000 xrw
SCRATCH_X        0x0000000020040000 0x0000000000001000 xrw
SCRATCH_Y        0x0000000020041000 0x0000000000001000 xrw
*default*        0x0000000000000000 0xffffffffffffffff

Linker script and memory map

LOAD /usr/local/Cellar/arm-gcc-bin@8/8-2019-q3-update/bin/../lib/gcc/arm-none-eabi/8.3.1/thumb/v6-m/nofp/crti.o
LOAD /usr/local/Cellar/arm-gcc-bin@8/8-2019-q3-update/bin/../lib/gcc/arm-none-eabi/8.3.1/thumb/v6-m/nofp/crtbegin.o
LOAD /usr/local/Cellar/arm-gcc-bin@8/8-2019-q3-update/bin/../lib/gcc/arm-none-eabi/8.3.1/../../../../arm-none-eabi/lib/thumb/v6-m/nofp/crt0.o

.flash_begin    0x0000000010000000        0x0
                0x0000000010000000                __flash_binary_start = .

.boot2          0x0000000010000000      0x100
                0x0000000010000000                __boot2_start__ = .
 *(.boot2)
 .boot2         0x0000000010000000      0x100 /var/folders/l2/r5whwy3177x01twf40fc756r0000gn/T//ccZ4HIUO.o
                0x0000000010000100                __boot2_end__ = .
                0x0000000000000001                ASSERT (((__boot2_end__ - __boot2_start__) == 0x100), ERROR: Pico second stage bootloader must be 256 bytes in size)

.text           0x0000000010000100     0xf460
                0x0000000010000100                __logical_binary_start = .
 *(.vectors)
 .vectors       0x0000000010000100       0xd4 CMakeFiles/devdeck-monitor.dir/Users/luis/Code/personal/pico/pico-sdk/src/rp2_common/pico_standard_link/crt0.S.obj
                0x0000000010000100                __vectors
                0x00000000100001c0                isr_invalid
                0x00000000100001c2                isr_nmi
                0x00000000100001c4                isr_hardfault
                0x00000000100001c6                isr_svcall
                0x00000000100001c8                isr_pendsv
                0x00000000100001ca                isr_systick
                0x00000000100001cc                isr_irq23
                0x00000000100001cc                isr_irq18
                0x00000000100001cc                isr_irq28
                0x00000000100001cc                isr_irq19
                0x00000000100001cc                isr_irq0
                0x00000000100001cc                isr_irq6
                0x00000000100001cc                isr_irq22
                0x00000000100001cc                isr_irq17
                0x00000000100001cc                isr_irq14
                0x00000000100001cc                isr_irq2
                0x00000000100001cc                isr_irq10
                0x00000000100001cc                isr_irq8
                0x00000000100001cc                isr_irq24
                0x00000000100001cc                isr_irq1
                0x00000000100001cc                isr_irq7
                0x00000000100001cc                isr_irq21
                0x00000000100001cc                isr_irq20
                0x00000000100001cc                isr_irq15
                0x00000000100001cc                isr_irq25
                0x00000000100001cc                isr_irq4
                0x00000000100001cc                isr_irq16
                0x00000000100001cc                isr_irq29
                0x00000000100001cc                isr_irq26
                0x00000000100001cc                isr_irq3
                0x00000000100001cc                isr_irq9
                0x00000000100001cc                __unhandled_user_irq
                0x00000000100001cc                isr_irq13
                0x00000000100001cc                isr_irq27
                0x00000000100001cc                isr_irq31
                0x00000000100001cc                isr_irq5
                0x00000000100001cc                isr_irq11
                0x00000000100001cc                isr_irq30
                0x00000000100001cc                isr_irq12
                0x00000000100001d2                unhandled_user_irq_num_in_r0
 *(.binary_info_header)
 .binary_info_header
                0x00000000100001d4       0x14 CMakeFiles/devdeck-monitor.dir/Users/luis/Code/personal/pico/pico-sdk/src/rp2_common/pico_standard_link/crt0.S.obj
                0x00000000100001e8                __binary_info_header_end = .
 *(.reset)
 .reset         0x00000000100001e8       0xa8 CMakeFiles/devdeck-monitor.dir/Users/luis/Code/personal/pico/pico-sdk/src/rp2_common/pico_standard_link/crt0.S.obj
                0x00000000100001e8                _entry_point
                0x0000000010000266                __get_current_exception
 .reset         0x0000000010000290       0x30 CMakeFiles/devdeck-monitor.dir/Users/luis/Code/personal/pico/pico-sdk/src/rp2_common/pico_standard_link/binary_info.c.obj
 *(.init)
 .init          0x00000000100002c0        0x4 /usr/local/Cellar/arm-gcc-bin@8/8-2019-q3-update/bin/../lib/gcc/arm-none-eabi/8.3.1/thumb/v6-m/nofp/crti.o
                0x00000000100002c0                _init
 *(EXCLUDE_FILE(*libm.a: *libc.a:*lib_a-mem*.o *libgcc.a:) .text*)
 .text          0x00000000100002c4       0x48 /usr/local/Cellar/arm-gcc-bin@8/8-2019-q3-update/bin/../lib/gcc/arm-none-eabi/8.3.1/thumb/v6-m/nofp/crtbegin.o
 .text.main     0x000000001000030c      0x170 CMakeFiles/devdeck-monitor.dir/devdeck-monitor.cpp.obj
                0x000000001000030c                main
 .text._ZN4Life5resetEv
                0x000000001000047c       0x1e CMakeFiles/devdeck-monitor.dir/life.cpp.obj
                0x000000001000047c                Life::reset()
 .text._ZN4LifeC2Ett
                0x000000001000049a       0x20 CMakeFiles/devdeck-monitor.dir/life.cpp.obj
                0x000000001000049a                Life::Life(unsigned short, unsigned short)
                0x000000001000049a                Life::Life(unsigned short, unsigned short)
 .text._ZN4Life7addCellEtt
                0x00000000100004ba       0x26 CMakeFiles/devdeck-monitor.dir/life.cpp.obj
                0x00000000100004ba                Life::addCell(unsigned short, unsigned short)
 .text._ZN4Life7subCellEtt
                0x00000000100004e0       0x20 CMakeFiles/devdeck-monitor.dir/life.cpp.obj
                0x00000000100004e0                Life::subCell(unsigned short, unsigned short)
 .text._ZN4Life11addNeighborEtt
                0x0000000010000500       0x82 CMakeFiles/devdeck-monitor.dir/life.cpp.obj
                0x0000000010000500                Life::addNeighbor(unsigned short, unsigned short)
 .text._ZN4Life11subNeighborEtt
                0x0000000010000582       0x82 CMakeFiles/devdeck-monitor.dir/life.cpp.obj
                0x0000000010000582                Life::subNeighbor(unsigned short, unsigned short)
 .text._ZN4Life6updateEv
                0x0000000010000604      0x164 CMakeFiles/devdeck-monitor.dir/life.cpp.obj
                0x0000000010000604                Life::update()
 .text._ZN4Life10addPatternEPbhhttbbb
                0x0000000010000768       0xc2 CMakeFiles/devdeck-monitor.dir/life.cpp.obj
                0x0000000010000768                Life::addPattern(bool*, unsigned char, unsigned char, unsigned short, unsigned short, bool, bool, bool)
 *fill*         0x000000001000082a        0x2 
 .text._ZN4Life9addGliderEttbb
                0x000000001000082c       0x28 CMakeFiles/devdeck-monitor.dir/life.cpp.obj
                0x000000001000082c                Life::addGlider(unsigned short, unsigned short, bool, bool)
 .text._ZN4Life23addRandomGliderAnywhereEv
                0x0000000010000854       0x46 CMakeFiles/devdeck-monitor.dir/life.cpp.obj
                0x0000000010000854                Life::addRandomGliderAnywhere()
 *fill*         0x000000001000089a        0x2 
 .text._ZN4Life11cellControlEf
                0x000000001000089c      0x14c CMakeFiles/devdeck-monitor.dir/life.cpp.obj
                0x000000001000089c                Life::cellControl(float)
 .text._ZN18SharpMemoryDisplay5writeEPKhj
                0x00000000100009e8       0x3a CMakeFiles/devdeck-monitor.dir/smd.cpp.obj
                0x00000000100009e8                SharpMemoryDisplay::write(unsigned char const*, unsigned int)
 .text._ZN18SharpMemoryDisplay7refreshEv
                0x0000000010000a22       0xf4 CMakeFiles/devdeck-monitor.dir/smd.cpp.obj
                0x0000000010000a22                SharpMemoryDisplay::refresh()
 .text._ZN18SharpMemoryDisplay12clearDisplayEv
                0x0000000010000b16       0x44 CMakeFiles/devdeck-monitor.dir/smd.cpp.obj
                0x0000000010000b16                SharpMemoryDisplay::clearDisplay()
 .text._ZN18SharpMemoryDisplay5clearEv
                0x0000000010000b5a       0x10 CMakeFiles/devdeck-monitor.dir/smd.cpp.obj
                0x0000000010000b5a                SharpMemoryDisplay::clear()
 *fill*         0x0000000010000b6a        0x2 
 .text._ZN18SharpMemoryDisplayC2EttP8pio_hw_thhh
                0x0000000010000b6c      0x124 CMakeFiles/devdeck-monitor.dir/smd.cpp.obj
                0x0000000010000b6c                SharpMemoryDisplay::SharpMemoryDisplay(unsigned short, unsigned short, pio_hw_t*, unsigned char, unsigned char, unsigned char)
                0x0000000010000b6c                SharpMemoryDisplay::SharpMemoryDisplay(unsigned short, unsigned short, pio_hw_t*, unsigned char, unsigned char, unsigned char)
 .text._ZN18SharpMemoryDisplay4fillEh
                0x0000000010000c90       0x26 CMakeFiles/devdeck-monitor.dir/smd.cpp.obj
                0x0000000010000c90                SharpMemoryDisplay::fill(unsigned char)
 .text._ZN18SharpMemoryDisplay5pixelEssh
                0x0000000010000cb6       0x7e CMakeFiles/devdeck-monitor.dir/smd.cpp.obj
                0x0000000010000cb6                SharpMemoryDisplay::pixel(short, short, unsigned char)
 .text.gpio_set_function
                0x0000000010000d34       0x30 CMakeFiles/devdeck-monitor.dir/Users/luis/Code/personal/pico/pico-sdk/src/rp2_common/hardware_gpio/gpio.c.obj
                0x0000000010000d34                gpio_set_function
 .text.gpio_set_pulls
                0x0000000010000d64       0x34 CMakeFiles/devdeck-monitor.dir/Users/luis/Code/personal/pico/pico-sdk/src/rp2_common/hardware_gpio/gpio.c.obj
                0x0000000010000d64                gpio_set_pulls
 .text.gpio_set_input_enabled
                0x0000000010000d98       0x30 CMakeFiles/devdeck-monitor.dir/Users/luis/Code/personal/pico/pico-sdk/src/rp2_common/hardware_gpio/gpio.c.obj
                0x0000000010000d98                gpio_set_input_enabled
 .text.gpio_init
                0x0000000010000dc8       0x16 CMakeFiles/devdeck-monitor.dir/Users/luis/Code/personal/pico/pico-sdk/src/rp2_common/hardware_gpio/gpio.c.obj
                0x0000000010000dc8                gpio_init
 *fill*         0x0000000010000dde        0x2 
 .text.hw_claim_lock
                0x0000000010000de0       0x18 CMakeFiles/devdeck-monitor.dir/Users/luis/Code/personal/pico/pico-sdk/src/rp2_common/hardware_claim/claim.c.obj
                0x0000000010000de0                hw_claim_lock
 .text.hw_claim_unlock
                0x0000000010000df8       0x14 CMakeFiles/devdeck-monitor.dir/Users/luis/Code/personal/pico/pico-sdk/src/rp2_common/hardware_claim/claim.c.obj
                0x0000000010000df8                hw_claim_unlock
 .text.hw_claim_or_assert
                0x0000000010000e0c       0x36 CMakeFiles/devdeck-monitor.dir/Users/luis/Code/personal/pico/pico-sdk/src/rp2_common/hardware_claim/claim.c.obj
                0x0000000010000e0c                hw_claim_or_assert
 .text.hw_claim_unused_from_range
                0x0000000010000e42       0x58 CMakeFiles/devdeck-monitor.dir/Users/luis/Code/personal/pico/pico-sdk/src/rp2_common/hardware_claim/claim.c.obj
                0x0000000010000e42                hw_claim_unused_from_range
 *fill*         0x0000000010000e9a        0x2 
 .text.spin_locks_reset
                0x0000000010000e9c       0x20 CMakeFiles/devdeck-monitor.dir/Users/luis/Code/personal/pico/pico-sdk/src/rp2_common/hardware_sync/sync.c.obj
                0x0000000010000e9c                spin_locks_reset
 .text.next_striped_spin_lock_num
                0x0000000010000ebc       0x1c CMakeFiles/devdeck-monitor.dir/Users/luis/Code/personal/pico/pico-sdk/src/rp2_common/hardware_sync/sync.c.obj
                0x0000000010000ebc                next_striped_spin_lock_num
 .text.running_on_fpga
                0x0000000010000ed8       0x14 CMakeFiles/devdeck-monitor.dir/Users/luis/Code/personal/pico/pico-sdk/src/rp2_common/pico_platform/platform.c.obj
                0x0000000010000ed8                running_on_fpga
 .text.uart_set_baudrate
                0x0000000010000eec       0x64 CMakeFiles/devdeck-monitor.dir/Users/luis/Code/personal/pico/pico-sdk/src/rp2_common/hardware_uart/uart.c.obj
                0x0000000010000eec                uart_set_baudrate
 .text.uart_set_translate_crlf
                0x0000000010000f50       0x28 CMakeFiles/devdeck-monitor.dir/Users/luis/Code/personal/pico/pico-sdk/src/rp2_common/hardware_uart/uart.c.obj
                0x0000000010000f50                uart_set_translate_crlf
 .text.uart_init
                0x0000000010000f78       0x80 CMakeFiles/devdeck-monitor.dir/Users/luis/Code/personal/pico/pico-sdk/src/rp2_common/hardware_uart/uart.c.obj
                0x0000000010000f78                uart_init
 .text.sev_callback
                0x0000000010000ff8        0x8 CMakeFiles/devdeck-monitor.dir/Users/luis/Code/personal/pico/pico-sdk/src/common/pico_time/time.c.obj
 .text.alarm_pool_post_alloc_init
                0x0000000010001000       0x40 CMakeFiles/devdeck-monitor.dir/Users/luis/Code/personal/pico/pico-sdk/src/common/pico_time/time.c.obj
 .text.timer_pool_entry_comparator
                0x0000000010001040       0x7c CMakeFiles/devdeck-monitor.dir/Users/luis/Code/personal/pico/pico-sdk/src/common/pico_time/time.c.obj
                0x0000000010001040                timer_pool_entry_comparator
 .text.ph_add_child_node
                0x00000000100010bc       0xa4 CMakeFiles/devdeck-monitor.dir/Users/luis/Code/personal/pico/pico-sdk/src/common/pico_time/time.c.obj
 .text.ph_merge_nodes
                0x0000000010001160       0x3e CMakeFiles/devdeck-monitor.dir/Users/luis/Code/personal/pico/pico-sdk/src/common/pico_time/time.c.obj
 *fill*         0x000000001000119e        0x2 
 .text.add_alarm_under_lock
                0x00000000100011a0      0x174 CMakeFiles/devdeck-monitor.dir/Users/luis/Code/personal/pico/pico-sdk/src/common/pico_time/time.c.obj
 .text.alarm_pool_alarm_callback
                0x0000000010001314      0x32c CMakeFiles/devdeck-monitor.dir/Users/luis/Code/personal/pico/pico-sdk/src/common/pico_time/time.c.obj
 .text.alarm_pool_init_default
                0x0000000010001640       0x2c CMakeFiles/devdeck-monitor.dir/Users/luis/Code/personal/pico/pico-sdk/src/common/pico_time/time.c.obj
                0x0000000010001640                alarm_pool_init_default
 .text.alarm_pool_get_default
                0x000000001000166c       0x2c CMakeFiles/devdeck-monitor.dir/Users/luis/Code/personal/pico/pico-sdk/src/common/pico_time/time.c.obj
                0x000000001000166c                alarm_pool_get_default
 .text.alarm_pool_add_alarm_at
                0x0000000010001698      0x170 CMakeFiles/devdeck-monitor.dir/Users/luis/Code/personal/pico/pico-sdk/src/common/pico_time/time.c.obj
                0x0000000010001698                alarm_pool_add_alarm_at
 .text.sleep_until
                0x0000000010001808       0xd4 CMakeFiles/devdeck-monitor.dir/Users/luis/Code/personal/pico/pico-sdk/src/common/pico_time/time.c.obj
                0x0000000010001808                sleep_until
 .text.sleep_us
                0x00000000100018dc       0x58 CMakeFiles/devdeck-monitor.dir/Users/luis/Code/personal/pico/pico-sdk/src/common/pico_time/time.c.obj
                0x00000000100018dc                sleep_us
 .text.hardware_alarm_irq_handler
                0x0000000010001934       0x8c CMakeFiles/devdeck-monitor.dir/Users/luis/Code/personal/pico/pico-sdk/src/rp2_common/hardware_timer/timer.c.obj
 .text.hardware_alarm_claim
                0x00000000100019c0       0x18 CMakeFiles/devdeck-monitor.dir/Users/luis/Code/personal/pico/pico-sdk/src/rp2_common/hardware_timer/timer.c.obj
                0x00000000100019c0                hardware_alarm_claim
 .text.time_us_64
                0x00000000100019d8       0x18 CMakeFiles/devdeck-monitor.dir/Users/luis/Code/personal/pico/pico-sdk/src/rp2_common/hardware_timer/timer.c.obj
                0x00000000100019d8                time_us_64
 .text.busy_wait_until
                0x00000000100019f0       0x24 CMakeFiles/devdeck-monitor.dir/Users/luis/Code/personal/pico/pico-sdk/src/rp2_common/hardware_timer/timer.c.obj
                0x00000000100019f0                busy_wait_until
 .text.hardware_alarm_set_callback
                0x0000000010001a14       0x90 CMakeFiles/devdeck-monitor.dir/Users/luis/Code/personal/pico/pico-sdk/src/rp2_common/hardware_timer/timer.c.obj
                0x0000000010001a14                hardware_alarm_set_callback
 .text.hardware_alarm_set_target
                0x0000000010001aa4       0xe8 CMakeFiles/devdeck-monitor.dir/Users/luis/Code/personal/pico/pico-sdk/src/rp2_common/hardware_timer/timer.c.obj
                0x0000000010001aa4                hardware_alarm_set_target
 .text.hardware_alarm_cancel
                0x0000000010001b8c       0x40 CMakeFiles/devdeck-monitor.dir/Users/luis/Code/personal/pico/pico-sdk/src/rp2_common/hardware_timer/timer.c.obj
                0x0000000010001b8c                hardware_alarm_cancel
 .text.lock_init
                0x0000000010001bcc       0x10 CMakeFiles/devdeck-monitor.dir/Users/luis/Code/personal/pico/pico-sdk/src/common/pico_sync/lock_core.c.obj
                0x0000000010001bcc                lock_init
 .text.mutex_init
                0x0000000010001bdc       0x1a CMakeFiles/devdeck-monitor.dir/Users/luis/Code/personal/pico/pico-sdk/src/common/pico_sync/mutex.c.obj
                0x0000000010001bdc                mutex_init
 *fill*         0x0000000010001bf6        0x2 
 .text.ph_add_child_node
                0x0000000010001bf8       0xa4 CMakeFiles/devdeck-monitor.dir/Users/luis/Code/personal/pico/pico-sdk/src/common/pico_util/pheap.c.obj
 .text.ph_merge_nodes
                0x0000000010001c9c       0x3e CMakeFiles/devdeck-monitor.dir/Users/luis/Code/personal/pico/pico-sdk/src/common/pico_util/pheap.c.obj
 *fill*         0x0000000010001cda        0x2 
 .text.ph_clear
                0x0000000010001cdc       0x70 CMakeFiles/devdeck-monitor.dir/Users/luis/Code/personal/pico/pico-sdk/src/common/pico_util/pheap.c.obj
                0x0000000010001cdc                ph_clear
 .text.ph_post_alloc_init
                0x0000000010001d4c        0xe CMakeFiles/devdeck-monitor.dir/Users/luis/Code/personal/pico/pico-sdk/src/common/pico_util/pheap.c.obj
                0x0000000010001d4c                ph_post_alloc_init
 *fill*         0x0000000010001d5a        0x2 
 .text.ph_merge_two_pass
                0x0000000010001d5c       0xa8 CMakeFiles/devdeck-monitor.dir/Users/luis/Code/personal/pico/pico-sdk/src/common/pico_util/pheap.c.obj
                0x0000000010001d5c                ph_merge_two_pass
 .text.ph_remove_any_head
                0x0000000010001e04      0x108 CMakeFiles/devdeck-monitor.dir/Users/luis/Code/personal/pico/pico-sdk/src/common/pico_util/pheap.c.obj
 .text.ph_remove_head
                0x0000000010001f0c       0x14 CMakeFiles/devdeck-monitor.dir/Users/luis/Code/personal/pico/pico-sdk/src/common/pico_util/pheap.c.obj
                0x0000000010001f0c                ph_remove_head
 .text.ph_remove_and_free_node
                0x0000000010001f20       0xf8 CMakeFiles/devdeck-monitor.dir/Users/luis/Code/personal/pico/pico-sdk/src/common/pico_util/pheap.c.obj
                0x0000000010001f20                ph_remove_and_free_node
 .text.runtime_init
                0x0000000010002018       0xcc CMakeFiles/devdeck-monitor.dir/Users/luis/Code/personal/pico/pico-sdk/src/rp2_common/pico_runtime/runtime.c.obj
                0x0000000010002018                runtime_init
 .text._exit    0x00000000100020e4        0x4 CMakeFiles/devdeck-monitor.dir/Users/luis/Code/personal/pico/pico-sdk/src/rp2_common/pico_runtime/runtime.c.obj
                0x00000000100020e4                _exit
 .text._sbrk    0x00000000100020e8       0x38 CMakeFiles/devdeck-monitor.dir/Users/luis/Code/personal/pico/pico-sdk/src/rp2_common/pico_runtime/runtime.c.obj
                0x00000000100020e8                _sbrk
 .text.exit     0x0000000010002120        0x6 CMakeFiles/devdeck-monitor.dir/Users/luis/Code/personal/pico/pico-sdk/src/rp2_common/pico_runtime/runtime.c.obj
                0x0000000010002120                exit
 *fill*         0x0000000010002126        0x2 
 .text.__assert_func
                0x0000000010002128       0x3c CMakeFiles/devdeck-monitor.dir/Users/luis/Code/personal/pico/pico-sdk/src/rp2_common/pico_runtime/runtime.c.obj
                0x0000000010002128                __assert_func
 .text.panic    0x0000000010002164       0x30 CMakeFiles/devdeck-monitor.dir/Users/luis/Code/personal/pico/pico-sdk/src/rp2_common/pico_runtime/runtime.c.obj
                0x0000000010002164                panic
 .text.clock_configure
                0x0000000010002194       0xe8 CMakeFiles/devdeck-monitor.dir/Users/luis/Code/personal/pico/pico-sdk/src/rp2_common/hardware_clocks/clocks.c.obj
                0x0000000010002194                clock_configure
 .text.clocks_init
                0x000000001000227c      0x124 CMakeFiles/devdeck-monitor.dir/Users/luis/Code/personal/pico/pico-sdk/src/rp2_common/hardware_clocks/clocks.c.obj
                0x000000001000227c                clocks_init
 .text.clock_get_hz
                0x00000000100023a0        0xc CMakeFiles/devdeck-monitor.dir/Users/luis/Code/personal/pico/pico-sdk/src/rp2_common/hardware_clocks/clocks.c.obj
                0x00000000100023a0                clock_get_hz
 .text.watchdog_start_tick
                0x00000000100023ac       0x10 CMakeFiles/devdeck-monitor.dir/Users/luis/Code/personal/pico/pico-sdk/src/rp2_common/hardware_watchdog/watchdog.c.obj
                0x00000000100023ac                watchdog_start_tick
 .text.xosc_init
                0x00000000100023bc       0x28 CMakeFiles/devdeck-monitor.dir/Users/luis/Code/personal/pico/pico-sdk/src/rp2_common/hardware_xosc/xosc.c.obj
                0x00000000100023bc                xosc_init
 .text.pll_init
                0x00000000100023e4       0xd0 CMakeFiles/devdeck-monitor.dir/Users/luis/Code/personal/pico/pico-sdk/src/rp2_common/hardware_pll/pll.c.obj
                0x00000000100023e4                pll_init
 .text.set_raw_irq_handler_and_unlock
                0x00000000100024b4       0x28 CMakeFiles/devdeck-monitor.dir/Users/luis/Code/personal/pico/pico-sdk/src/rp2_common/hardware_irq/irq.c.obj
 .text.make_branch
                0x00000000100024dc       0x34 CMakeFiles/devdeck-monitor.dir/Users/luis/Code/personal/pico/pico-sdk/src/rp2_common/hardware_irq/irq.c.obj
 .text.insert_branch_and_link
                0x0000000010002510       0x40 CMakeFiles/devdeck-monitor.dir/Users/luis/Code/personal/pico/pico-sdk/src/rp2_common/hardware_irq/irq.c.obj
 .text.irq_is_enabled
                0x0000000010002550       0x18 CMakeFiles/devdeck-monitor.dir/Users/luis/Code/personal/pico/pico-sdk/src/rp2_common/hardware_irq/irq.c.obj
                0x0000000010002550                irq_is_enabled
 .text.irq_set_mask_enabled
                0x0000000010002568       0x20 CMakeFiles/devdeck-monitor.dir/Users/luis/Code/personal/pico/pico-sdk/src/rp2_common/hardware_irq/irq.c.obj
                0x0000000010002568                irq_set_mask_enabled
 .text.irq_set_enabled
                0x0000000010002588        0xe CMakeFiles/devdeck-monitor.dir/Users/luis/Code/personal/pico/pico-sdk/src/rp2_common/hardware_irq/irq.c.obj
                0x0000000010002588                irq_set_enabled
 *fill*         0x0000000010002596        0x2 
 .text.irq_get_vtable_handler
                0x0000000010002598       0x10 CMakeFiles/devdeck-monitor.dir/Users/luis/Code/personal/pico/pico-sdk/src/rp2_common/hardware_irq/irq.c.obj
                0x0000000010002598                irq_get_vtable_handler
 .text.irq_set_exclusive_handler
                0x00000000100025a8       0x54 CMakeFiles/devdeck-monitor.dir/Users/luis/Code/personal/pico/pico-sdk/src/rp2_common/hardware_irq/irq.c.obj
                0x00000000100025a8                irq_set_exclusive_handler
 .text.irq_remove_handler
                0x00000000100025fc      0x1ac CMakeFiles/devdeck-monitor.dir/Users/luis/Code/personal/pico/pico-sdk/src/rp2_common/hardware_irq/irq.c.obj
                0x00000000100025fc                irq_remove_handler
 .text.irq_set_priority
                0x00000000100027a8       0x28 CMakeFiles/devdeck-monitor.dir/Users/luis/Code/personal/pico/pico-sdk/src/rp2_common/hardware_irq/irq.c.obj
                0x00000000100027a8                irq_set_priority
 .text.irq_add_tail_to_free_list
                0x00000000100027d0       0xf0 CMakeFiles/devdeck-monitor.dir/Users/luis/Code/personal/pico/pico-sdk/src/rp2_common/hardware_irq/irq.c.obj
                0x00000000100027d0                irq_add_tail_to_free_list
 .text.irq_init_priorities
                0x00000000100028c0       0x16 CMakeFiles/devdeck-monitor.dir/Users/luis/Code/personal/pico/pico-sdk/src/rp2_common/hardware_irq/irq.c.obj
                0x00000000100028c0                irq_init_priorities
 .text._out_buffer
                0x00000000100028d6        0x8 CMakeFiles/devdeck-monitor.dir/Users/luis/Code/personal/pico/pico-sdk/src/rp2_common/pico_printf/printf.c.obj
 .text._out_null
                0x00000000100028de        0x2 CMakeFiles/devdeck-monitor.dir/Users/luis/Code/personal/pico/pico-sdk/src/rp2_common/pico_printf/printf.c.obj
 .text._out_fct
                0x00000000100028e0        0xe CMakeFiles/devdeck-monitor.dir/Users/luis/Code/personal/pico/pico-sdk/src/rp2_common/pico_printf/printf.c.obj
 .text._atoi    0x00000000100028ee       0x24 CMakeFiles/devdeck-monitor.dir/Users/luis/Code/personal/pico/pico-sdk/src/rp2_common/pico_printf/printf.c.obj
 .text._out_rev
                0x0000000010002912       0xae CMakeFiles/devdeck-monitor.dir/Users/luis/Code/personal/pico/pico-sdk/src/rp2_common/pico_printf/printf.c.obj
 .text._ntoa_format
                0x00000000100029c0      0x110 CMakeFiles/devdeck-monitor.dir/Users/luis/Code/personal/pico/pico-sdk/src/rp2_common/pico_printf/printf.c.obj
 .text._ntoa_long
                0x0000000010002ad0       0xbc CMakeFiles/devdeck-monitor.dir/Users/luis/Code/personal/pico/pico-sdk/src/rp2_common/pico_printf/printf.c.obj
 .text._ntoa_long_long
                0x0000000010002b8c       0xe2 CMakeFiles/devdeck-monitor.dir/Users/luis/Code/personal/pico/pico-sdk/src/rp2_common/pico_printf/printf.c.obj
 *fill*         0x0000000010002c6e        0x2 
 .text._etoa    0x0000000010002c70      0x40c CMakeFiles/devdeck-monitor.dir/Users/luis/Code/personal/pico/pico-sdk/src/rp2_common/pico_printf/printf.c.obj
 .text._ftoa    0x000000001000307c      0x354 CMakeFiles/devdeck-monitor.dir/Users/luis/Code/personal/pico/pico-sdk/src/rp2_common/pico_printf/printf.c.obj
 .text._vsnprintf
                0x00000000100033d0      0x628 CMakeFiles/devdeck-monitor.dir/Users/luis/Code/personal/pico/pico-sdk/src/rp2_common/pico_printf/printf.c.obj
 .text.__wrap_sprintf
                0x00000000100039f8       0x28 CMakeFiles/devdeck-monitor.dir/Users/luis/Code/personal/pico/pico-sdk/src/rp2_common/pico_printf/printf.c.obj
                0x00000000100039f8                __wrap_sprintf
 .text.vfctprintf
                0x0000000010003a20       0x20 CMakeFiles/devdeck-monitor.dir/Users/luis/Code/personal/pico/pico-sdk/src/rp2_common/pico_printf/printf.c.obj
                0x0000000010003a20                vfctprintf
 .text          0x0000000010003a40       0x10 CMakeFiles/devdeck-monitor.dir/Users/luis/Code/personal/pico/pico-sdk/src/rp2_common/pico_bit_ops/bit_ops_aeabi.S.obj
 .text.rom_func_lookup
                0x0000000010003a50       0x10 CMakeFiles/devdeck-monitor.dir/Users/luis/Code/personal/pico/pico-sdk/src/rp2_common/pico_bootrom/bootrom.c.obj
                0x0000000010003a50                rom_func_lookup
 .text.rom_data_lookup
                0x0000000010003a60       0x10 CMakeFiles/devdeck-monitor.dir/Users/luis/Code/personal/pico/pico-sdk/src/rp2_common/pico_bootrom/bootrom.c.obj
                0x0000000010003a60                rom_data_lookup
 .text.rom_funcs_lookup
                0x0000000010003a70       0x36 CMakeFiles/devdeck-monitor.dir/Users/luis/Code/personal/pico/pico-sdk/src/rp2_common/pico_bootrom/bootrom.c.obj
                0x0000000010003a70                rom_funcs_lookup
 *fill*         0x0000000010003aa6        0x2 
 .text.__wrap___aeabi_idiv
                0x0000000010003aa8       0x58 CMakeFiles/devdeck-monitor.dir/Users/luis/Code/personal/pico/pico-sdk/src/rp2_common/pico_divider/divider.S.obj
                0x0000000010003aa8                __wrap___aeabi_idivmod
                0x0000000010003aa8                divmod_s32s32
                0x0000000010003aa8                div_s32s32
                0x0000000010003aa8                __wrap___aeabi_idiv
                0x0000000010003ab0                divmod_s32s32_unsafe
                0x0000000010003adc                divmod_s32s32_savestate
 .text.__wrap___aeabi_uidiv
                0x0000000010003b00       0x54 CMakeFiles/devdeck-monitor.dir/Users/luis/Code/personal/pico/pico-sdk/src/rp2_common/pico_divider/divider.S.obj
                0x0000000010003b00                __wrap___aeabi_uidiv
                0x0000000010003b00                __wrap___aeabi_uidivmod
                0x0000000010003b00                div_u32u32
                0x0000000010003b00                divmod_u32u32
                0x0000000010003b08                divmod_u32u32_unsafe
                0x0000000010003b30                divmod_u32u32_savestate
 .text.__wrap___aeabi_ldiv
                0x0000000010003b54      0x430 CMakeFiles/devdeck-monitor.dir/Users/luis/Code/personal/pico/pico-sdk/src/rp2_common/pico_divider/divider.S.obj
                0x0000000010003b54                __wrap___aeabi_ldivmod
                0x0000000010003b54                div_s64s64
                0x0000000010003b54                divmod_s64s64
                0x0000000010003b8c                divmod_u64u64
                0x0000000010003b8c                div_u64u64
                0x0000000010003b8c                __wrap___aeabi_uldivmod
                0x0000000010003b9c                divmod_u64u64_savestate
                0x0000000010003bc4                divmod_s64s64_unsafe
                0x0000000010003c4c                divmod_u64u64_unsafe
 .text.__wrap___aeabi_darithmetic
                0x0000000010003f84       0x54 CMakeFiles/devdeck-monitor.dir/Users/luis/Code/personal/pico/pico-sdk/src/rp2_common/pico_double/double_aeabi.S.obj
                0x0000000010003f84                __wrap___aeabi_drsub
                0x0000000010003f8a                __wrap___aeabi_dsub
                0x0000000010003f9c                __wrap___aeabi_dadd
                0x0000000010003fae                __wrap___aeabi_ddiv
                0x0000000010003fc0                __wrap___aeabi_dmul
 .text.__wrap___aeabi_cdcmple
                0x0000000010003fd8       0x6c CMakeFiles/devdeck-monitor.dir/Users/luis/Code/personal/pico/pico-sdk/src/rp2_common/pico_double/double_aeabi.S.obj
                0x0000000010003fd8                __wrap___aeabi_cdrcmple
                0x0000000010003fe8                __wrap___aeabi_cdcmple
                0x0000000010003fe8                __wrap___aeabi_cdcmpeq
 .text.__wrap___aeabi_dcmplt
                0x0000000010004044        0xc CMakeFiles/devdeck-monitor.dir/Users/luis/Code/personal/pico/pico-sdk/src/rp2_common/pico_double/double_aeabi.S.obj
                0x0000000010004044                __wrap___aeabi_dcmplt
 .text.__wrap___aeabi_dcmple
                0x0000000010004050       0x10 CMakeFiles/devdeck-monitor.dir/Users/luis/Code/personal/pico/pico-sdk/src/rp2_common/pico_double/double_aeabi.S.obj
                0x0000000010004050                __wrap___aeabi_dcmple
 .text.__wrap___aeabi_dcmpge
                0x0000000010004060       0x10 CMakeFiles/devdeck-monitor.dir/Users/luis/Code/personal/pico/pico-sdk/src/rp2_common/pico_double/double_aeabi.S.obj
                0x0000000010004060                __wrap___aeabi_dcmpge
 .text.__wrap___aeabi_dcmpgt
                0x0000000010004070        0xa CMakeFiles/devdeck-monitor.dir/Users/luis/Code/personal/pico/pico-sdk/src/rp2_common/pico_double/double_aeabi.S.obj
                0x0000000010004070                __wrap___aeabi_dcmpgt
 .text.__wrap___aeabi_dcmpun
                0x000000001000407a       0x1c CMakeFiles/devdeck-monitor.dir/Users/luis/Code/personal/pico/pico-sdk/src/rp2_common/pico_double/double_aeabi.S.obj
                0x000000001000407a                __wrap___aeabi_dcmpun
 *fill*         0x0000000010004096        0x2 
 .text.__wrap___aeabi_i2d
                0x0000000010004098       0x38 CMakeFiles/devdeck-monitor.dir/Users/luis/Code/personal/pico/pico-sdk/src/rp2_common/pico_double/double_aeabi.S.obj
                0x0000000010004098                __wrap___aeabi_ui2d
                0x00000000100040a0                __wrap___aeabi_i2d
 .text.__wrap___aeabi_d2iz
                0x00000000100040d0       0x48 CMakeFiles/devdeck-monitor.dir/Users/luis/Code/personal/pico/pico-sdk/src/rp2_common/pico_double/double_aeabi.S.obj
                0x00000000100040d0                __wrap___aeabi_d2iz
                0x00000000100040d0                double2int_z
 .text.__wrap___aeabi_d2uiz
                0x0000000010004118       0x18 CMakeFiles/devdeck-monitor.dir/Users/luis/Code/personal/pico/pico-sdk/src/rp2_common/pico_double/double_aeabi.S.obj
                0x0000000010004118                double2uint
                0x0000000010004118                __wrap___aeabi_d2uiz
 .text.__aeabi_double_init
                0x0000000010004130       0xb4 CMakeFiles/devdeck-monitor.dir/Users/luis/Code/personal/pico/pico-sdk/src/rp2_common/pico_double/double_init_rom.c.obj
                0x0000000010004130                __aeabi_double_init
 .text.double_table_shim_on_use_helper
                0x00000000100041e4       0x34 CMakeFiles/devdeck-monitor.dir/Users/luis/Code/personal/pico/pico-sdk/src/rp2_common/pico_double/double_v1_rom_shim.S.obj
                0x00000000100041e4                double_table_shim_on_use_helper
 .text.__wrap___aeabi_dsub
                0x0000000010004218       0x10 CMakeFiles/devdeck-monitor.dir/Users/luis/Code/personal/pico/pico-sdk/src/rp2_common/pico_double/double_v1_rom_shim.S.obj
                0x0000000010004218                drsub_shim
                0x000000001000421e                dsub_shim
 .text.dadd_shim
                0x0000000010004228      0x15c CMakeFiles/devdeck-monitor.dir/Users/luis/Code/personal/pico/pico-sdk/src/rp2_common/pico_double/double_v1_rom_shim.S.obj
                0x0000000010004228                dadd_shim
 .text.dmul_shim
                0x0000000010004384      0x15c CMakeFiles/devdeck-monitor.dir/Users/luis/Code/personal/pico/pico-sdk/src/rp2_common/pico_double/double_v1_rom_shim.S.obj
                0x0000000010004384                dmul_shim
 .text.ddiv_shim
                0x00000000100044e0      0x1b0 CMakeFiles/devdeck-monitor.dir/Users/luis/Code/personal/pico/pico-sdk/src/rp2_common/pico_double/double_v1_rom_shim.S.obj
                0x00000000100044e0                ddiv_shim
 .text.dcordic_rot_step
                0x0000000010004690       0x7c CMakeFiles/devdeck-monitor.dir/Users/luis/Code/personal/pico/pico-sdk/src/rp2_common/pico_double/double_v1_rom_shim.S.obj
                0x0000000010004690                dcordic_rot_step
 .text.double2uint_shim
                0x000000001000470c        0xe CMakeFiles/devdeck-monitor.dir/Users/luis/Code/personal/pico/pico-sdk/src/rp2_common/pico_double/double_v1_rom_shim.S.obj
                0x000000001000470c                double2uint_shim
                0x000000001000470e                double2ufix_shim
 *fill*         0x000000001000471a        0x2 
 .text.double2uint64_shim
                0x000000001000471c       0x6c CMakeFiles/devdeck-monitor.dir/Users/luis/Code/personal/pico/pico-sdk/src/rp2_common/pico_double/double_v1_rom_shim.S.obj
                0x000000001000471c                double2uint64_shim
                0x000000001000471e                double2ufix64_shim
                0x0000000010004738                d2fix_a
 .text.dunpacks
                0x0000000010004788       0x3c CMakeFiles/devdeck-monitor.dir/Users/luis/Code/personal/pico/pico-sdk/src/rp2_common/pico_double/double_v1_rom_shim.S.obj
                0x0000000010004788                dunpacks
 .text.__aeabi_lmul
                0x00000000100047c4       0x32 CMakeFiles/devdeck-monitor.dir/Users/luis/Code/personal/pico/pico-sdk/src/rp2_common/pico_int64_ops/pico_int64_ops_aeabi.S.obj
                0x00000000100047c4                __wrap___aeabi_lmul
 *fill*         0x00000000100047f6        0x2 
 .text.__wrap___aeabi_farithmetic
                0x00000000100047f8       0x34 CMakeFiles/devdeck-monitor.dir/Users/luis/Code/personal/pico/pico-sdk/src/rp2_common/pico_float/float_aeabi.S.obj
                0x00000000100047f8                __wrap___aeabi_frsub
                0x00000000100047fe                __wrap___aeabi_fsub
                0x0000000010004808                __wrap___aeabi_fadd
                0x0000000010004812                __wrap___aeabi_fdiv
                0x000000001000481c                __wrap___aeabi_fmul
 .text.__wrap___aeabi_cfcmple
                0x000000001000482c       0x50 CMakeFiles/devdeck-monitor.dir/Users/luis/Code/personal/pico/pico-sdk/src/rp2_common/pico_float/float_aeabi.S.obj
                0x000000001000482c                __wrap___aeabi_cfrcmple
                0x0000000010004838                __wrap___aeabi_cfcmpeq
                0x0000000010004838                __wrap___aeabi_cfcmple
 .text.__wrap___aeabi_fcmplt
                0x000000001000487c        0xc CMakeFiles/devdeck-monitor.dir/Users/luis/Code/personal/pico/pico-sdk/src/rp2_common/pico_float/float_aeabi.S.obj
                0x000000001000487c                __wrap___aeabi_fcmplt
 .text.__wrap___aeabi_fcmpgt
                0x0000000010004888        0xa CMakeFiles/devdeck-monitor.dir/Users/luis/Code/personal/pico/pico-sdk/src/rp2_common/pico_float/float_aeabi.S.obj
                0x0000000010004888                __wrap___aeabi_fcmpgt
 .text.__wrap___aeabi_ui2f
                0x0000000010004892        0xa CMakeFiles/devdeck-monitor.dir/Users/luis/Code/personal/pico/pico-sdk/src/rp2_common/pico_float/float_aeabi.S.obj
                0x0000000010004892                __wrap___aeabi_ui2f
 .text.__wrap___aeabi_i2f
                0x000000001000489c       0x44 CMakeFiles/devdeck-monitor.dir/Users/luis/Code/personal/pico/pico-sdk/src/rp2_common/pico_float/float_aeabi.S.obj
                0x000000001000489c                __wrap___aeabi_i2f
 .text.__wrap___aeabi_f2iz
                0x00000000100048e0       0x4e CMakeFiles/devdeck-monitor.dir/Users/luis/Code/personal/pico/pico-sdk/src/rp2_common/pico_float/float_aeabi.S.obj
                0x00000000100048e0                __wrap___aeabi_f2iz
                0x00000000100048e0                float2int_z
 *fill*         0x000000001000492e        0x2 
 .text.float2int
                0x0000000010004930       0x14 CMakeFiles/devdeck-monitor.dir/Users/luis/Code/personal/pico/pico-sdk/src/rp2_common/pico_float/float_aeabi.S.obj
                0x0000000010004930                float2int
 .text.__wrap___aeabi_f2uiz
                0x0000000010004944       0x10 CMakeFiles/devdeck-monitor.dir/Users/luis/Code/personal/pico/pico-sdk/src/rp2_common/pico_float/float_aeabi.S.obj
                0x0000000010004944                __wrap___aeabi_f2uiz
 .text.__wrap___aeabi_f2d
                0x0000000010004954       0x14 CMakeFiles/devdeck-monitor.dir/Users/luis/Code/personal/pico/pico-sdk/src/rp2_common/pico_float/float_aeabi.S.obj
                0x0000000010004954                __wrap___aeabi_f2d
 .text.__aeabi_float_init
                0x0000000010004968       0xfc CMakeFiles/devdeck-monitor.dir/Users/luis/Code/personal/pico/pico-sdk/src/rp2_common/pico_float/float_init_rom.c.obj
                0x0000000010004968                __aeabi_float_init
 .text.float_table_shim_on_use_helper
                0x0000000010004a64       0x34 CMakeFiles/devdeck-monitor.dir/Users/luis/Code/personal/pico/pico-sdk/src/rp2_common/pico_float/float_v1_rom_shim.S.obj
                0x0000000010004a64                float_table_shim_on_use_helper
 .text.float232_shims
                0x0000000010004a98       0x18 CMakeFiles/devdeck-monitor.dir/Users/luis/Code/personal/pico/pico-sdk/src/rp2_common/pico_float/float_v1_rom_shim.S.obj
                0x0000000010004a98                float2int_shim
                0x0000000010004a9a                float2fix_shim
 .text.float2double_shim
                0x0000000010004ab0       0x30 CMakeFiles/devdeck-monitor.dir/Users/luis/Code/personal/pico/pico-sdk/src/rp2_common/pico_float/float_v1_rom_shim.S.obj
                0x0000000010004ab0                float2double_shim
 .text.__wrap_malloc
                0x0000000010004ae0       0x24 CMakeFiles/devdeck-monitor.dir/Users/luis/Code/personal/pico/pico-sdk/src/rp2_common/pico_malloc/pico_malloc.c.obj
                0x0000000010004ae0                __wrap_malloc
 .text.__wrap_free
                0x0000000010004b04        0x8 CMakeFiles/devdeck-monitor.dir/Users/luis/Code/personal/pico/pico-sdk/src/rp2_common/pico_malloc/pico_malloc.c.obj
                0x0000000010004b04                __wrap_free
 .text          0x0000000010004b0c       0x10 CMakeFiles/devdeck-monitor.dir/Users/luis/Code/personal/pico/pico-sdk/src/rp2_common/pico_mem_ops/mem_ops_aeabi.S.obj
                0x0000000010004b0c                __aeabi_mem_init
 .text.memset   0x0000000010004b1c        0xc CMakeFiles/devdeck-monitor.dir/Users/luis/Code/personal/pico/pico-sdk/src/rp2_common/pico_mem_ops/mem_ops_aeabi.S.obj
                0x0000000010004b1c                __wrap_memset
 .text.memcpy   0x0000000010004b28        0xc CMakeFiles/devdeck-monitor.dir/Users/luis/Code/personal/pico/pico-sdk/src/rp2_common/pico_mem_ops/mem_ops_aeabi.S.obj
                0x0000000010004b28                __wrap___aeabi_memcpy
                0x0000000010004b28                __wrap_memcpy
 .text.stdio_out_chars_crlf
                0x0000000010004b34       0x80 CMakeFiles/devdeck-monitor.dir/Users/luis/Code/personal/pico/pico-sdk/src/rp2_common/pico_stdio/stdio.c.obj
 .text.stdio_get_until
                0x0000000010004bb4       0x78 CMakeFiles/devdeck-monitor.dir/Users/luis/Code/personal/pico/pico-sdk/src/rp2_common/pico_stdio/stdio.c.obj
 .text.stdio_stack_buffer_flush
                0x0000000010004c2c       0x44 CMakeFiles/devdeck-monitor.dir/Users/luis/Code/personal/pico/pico-sdk/src/rp2_common/pico_stdio/stdio.c.obj
 .text.stdio_buffered_printer
                0x0000000010004c70       0x20 CMakeFiles/devdeck-monitor.dir/Users/luis/Code/personal/pico/pico-sdk/src/rp2_common/pico_stdio/stdio.c.obj
 .text.stdout_serialize_begin
                0x0000000010004c90       0x2c CMakeFiles/devdeck-monitor.dir/Users/luis/Code/personal/pico/pico-sdk/src/rp2_common/pico_stdio/stdio.c.obj
                0x0000000010004c90                stdout_serialize_begin
 .text.stdout_serialize_end
                0x0000000010004cbc       0x10 CMakeFiles/devdeck-monitor.dir/Users/luis/Code/personal/pico/pico-sdk/src/rp2_common/pico_stdio/stdio.c.obj
                0x0000000010004cbc                stdout_serialize_end
 .text.stdio_put_string
                0x0000000010004ccc       0x84 CMakeFiles/devdeck-monitor.dir/Users/luis/Code/personal/pico/pico-sdk/src/rp2_common/pico_stdio/stdio.c.obj
 .text._read    0x0000000010004d50       0x24 CMakeFiles/devdeck-monitor.dir/Users/luis/Code/personal/pico/pico-sdk/src/rp2_common/pico_stdio/stdio.c.obj
                0x0000000010004d50                _read
 .text._write   0x0000000010004d74       0x1e CMakeFiles/devdeck-monitor.dir/Users/luis/Code/personal/pico/pico-sdk/src/rp2_common/pico_stdio/stdio.c.obj
                0x0000000010004d74                _write
 *fill*         0x0000000010004d92        0x2 
 .text.stdio_set_driver_enabled
                0x0000000010004d94       0x38 CMakeFiles/devdeck-monitor.dir/Users/luis/Code/personal/pico/pico-sdk/src/rp2_common/pico_stdio/stdio.c.obj
                0x0000000010004d94                stdio_set_driver_enabled
 .text.stdio_flush
                0x0000000010004dcc       0x20 CMakeFiles/devdeck-monitor.dir/Users/luis/Code/personal/pico/pico-sdk/src/rp2_common/pico_stdio/stdio.c.obj
                0x0000000010004dcc                stdio_flush
 .text.__wrap_puts
                0x0000000010004dec       0x1c CMakeFiles/devdeck-monitor.dir/Users/luis/Code/personal/pico/pico-sdk/src/rp2_common/pico_stdio/stdio.c.obj
                0x0000000010004dec                __wrap_puts
 .text.__wrap_vprintf
                0x0000000010004e08       0x44 CMakeFiles/devdeck-monitor.dir/Users/luis/Code/personal/pico/pico-sdk/src/rp2_common/pico_stdio/stdio.c.obj
                0x0000000010004e08                __wrap_vprintf
 .text.__wrap_printf
                0x0000000010004e4c       0x18 CMakeFiles/devdeck-monitor.dir/Users/luis/Code/personal/pico/pico-sdk/src/rp2_common/pico_stdio/stdio.c.obj
                0x0000000010004e4c                __wrap_printf
 .text.stdio_init_all
                0x0000000010004e64        0x8 CMakeFiles/devdeck-monitor.dir/Users/luis/Code/personal/pico/pico-sdk/src/rp2_common/pico_stdio/stdio.c.obj
                0x0000000010004e64                stdio_init_all
 .text.stdio_uart_out_chars
                0x0000000010004e6c       0x74 CMakeFiles/devdeck-monitor.dir/Users/luis/Code/personal/pico/pico-sdk/src/rp2_common/pico_stdio_uart/stdio_uart.c.obj
 .text.stdio_uart_in_chars
                0x0000000010004ee0       0x54 CMakeFiles/devdeck-monitor.dir/Users/luis/Code/personal/pico/pico-sdk/src/rp2_common/pico_stdio_uart/stdio_uart.c.obj
                0x0000000010004ee0                stdio_uart_in_chars
 .text.stdio_uart_init_full
                0x0000000010004f34       0x3c CMakeFiles/devdeck-monitor.dir/Users/luis/Code/personal/pico/pico-sdk/src/rp2_common/pico_stdio_uart/stdio_uart.c.obj
                0x0000000010004f34                stdio_uart_init_full
 .text.stdio_uart_init
                0x0000000010004f70       0x28 CMakeFiles/devdeck-monitor.dir/Users/luis/Code/personal/pico/pico-sdk/src/rp2_common/pico_stdio_uart/stdio_uart.c.obj
                0x0000000010004f70                stdio_uart_init
 .text._pio_can_add_program_at_offset
                0x0000000010004f98       0x3c CMakeFiles/devdeck-monitor.dir/Users/luis/Code/personal/pico/pico-sdk/src/rp2_common/hardware_pio/pio.c.obj
 .text._pio_find_offset_for_program
                0x0000000010004fd4       0x7c CMakeFiles/devdeck-monitor.dir/Users/luis/Code/personal/pico/pico-sdk/src/rp2_common/hardware_pio/pio.c.obj
 .text._pio_add_program_at_offset
                0x0000000010005050       0x78 CMakeFiles/devdeck-monitor.dir/Users/luis/Code/personal/pico/pico-sdk/src/rp2_common/hardware_pio/pio.c.obj
 .text.pio_claim_unused_sm
                0x00000000100050c8       0x3c CMakeFiles/devdeck-monitor.dir/Users/luis/Code/personal/pico/pico-sdk/src/rp2_common/hardware_pio/pio.c.obj
                0x00000000100050c8                pio_claim_unused_sm
 .text.pio_add_program
                0x0000000010005104       0x38 CMakeFiles/devdeck-monitor.dir/Users/luis/Code/personal/pico/pico-sdk/src/rp2_common/hardware_pio/pio.c.obj
                0x0000000010005104                pio_add_program
 .text.pio_sm_set_consecutive_pindirs
                0x000000001000513c       0x70 CMakeFiles/devdeck-monitor.dir/Users/luis/Code/personal/pico/pico-sdk/src/rp2_common/hardware_pio/pio.c.obj
                0x000000001000513c                pio_sm_set_consecutive_pindirs
 .text.pio_sm_init
                0x00000000100051ac       0xa8 CMakeFiles/devdeck-monitor.dir/Users/luis/Code/personal/pico/pico-sdk/src/rp2_common/hardware_pio/pio.c.obj
                0x00000000100051ac                pio_sm_init
 .text.adc_init
                0x0000000010005254       0x34 CMakeFiles/devdeck-monitor.dir/Users/luis/Code/personal/pico/pico-sdk/src/rp2_common/hardware_adc/adc.c.obj
                0x0000000010005254                adc_init
 .text._ZdlPvj  0x0000000010005288        0x8 /usr/local/Cellar/arm-gcc-bin@8/8-2019-q3-update/bin/../lib/gcc/arm-none-eabi/8.3.1/../../../../arm-none-eabi/lib/thumb/v6-m/nofp/libstdc++.a(del_ops.o)
                0x0000000010005288                operator delete(void*, unsigned int)
 .text._ZdlPv   0x0000000010005290        0x8 /usr/local/Cellar/arm-gcc-bin@8/8-2019-q3-update/bin/../lib/gcc/arm-none-eabi/8.3.1/../../../../arm-none-eabi/lib/thumb/v6-m/nofp/libstdc++.a(del_op.o)
                0x0000000010005290                operator delete(void*)
 .text._ZL28read_encoded_value_with_basehjPKhPj
                0x0000000010005298      0x10c /usr/local/Cellar/arm-gcc-bin@8/8-2019-q3-update/bin/../lib/gcc/arm-none-eabi/8.3.1/../../../../arm-none-eabi/lib/thumb/v6-m/nofp/libstdc++.a(eh_personality.o)
 .text._ZL21base_of_encoded_valuehP15_Unwind_Context
                0x00000000100053a4       0x48 /usr/local/Cellar/arm-gcc-bin@8/8-2019-q3-update/bin/../lib/gcc/arm-none-eabi/8.3.1/../../../../arm-none-eabi/lib/thumb/v6-m/nofp/libstdc++.a(eh_personality.o)
 .text._ZL17parse_lsda_headerP15_Unwind_ContextPKhP16lsda_header_info
                0x00000000100053ec       0x9c /usr/local/Cellar/arm-gcc-bin@8/8-2019-q3-update/bin/../lib/gcc/arm-none-eabi/8.3.1/../../../../arm-none-eabi/lib/thumb/v6-m/nofp/libstdc++.a(eh_personality.o)
 .text.__gxx_personality_v0
                0x0000000010005488      0x4a4 /usr/local/Cellar/arm-gcc-bin@8/8-2019-q3-update/bin/../lib/gcc/arm-none-eabi/8.3.1/../../../../arm-none-eabi/lib/thumb/v6-m/nofp/libstdc++.a(eh_personality.o)
                0x0000000010005488                __gxx_personality_v0
 .text.__cxa_end_cleanup
                0x000000001000592c        0xc /usr/local/Cellar/arm-gcc-bin@8/8-2019-q3-update/bin/../lib/gcc/arm-none-eabi/8.3.1/../../../../arm-none-eabi/lib/thumb/v6-m/nofp/libstdc++.a(eh_arm.o)
                0x000000001000592c                __cxa_end_cleanup
 .text.__cxa_type_match
                0x0000000010005938       0xd0 /usr/local/Cellar/arm-gcc-bin@8/8-2019-q3-update/bin/../lib/gcc/arm-none-eabi/8.3.1/../../../../arm-none-eabi/lib/thumb/v6-m/nofp/libstdc++.a(eh_arm.o)
                0x0000000010005938                __cxa_type_match
 .text.__cxa_begin_cleanup
                0x0000000010005a08       0x60 /usr/local/Cellar/arm-gcc-bin@8/8-2019-q3-update/bin/../lib/gcc/arm-none-eabi/8.3.1/../../../../arm-none-eabi/lib/thumb/v6-m/nofp/libstdc++.a(eh_arm.o)
                0x0000000010005a08                __cxa_begin_cleanup
 .text.__gnu_end_cleanup
                0x0000000010005a68       0x70 /usr/local/Cellar/arm-gcc-bin@8/8-2019-q3-update/bin/../lib/gcc/arm-none-eabi/8.3.1/../../../../arm-none-eabi/lib/thumb/v6-m/nofp/libstdc++.a(eh_arm.o)
                0x0000000010005a68                __gnu_end_cleanup
 .text._ZN10__cxxabiv1L24__is_gxx_exception_classEPc
                0x0000000010005ad8       0x3c /usr/local/Cellar/arm-gcc-bin@8/8-2019-q3-update/bin/../lib/gcc/arm-none-eabi/8.3.1/../../../../arm-none-eabi/lib/thumb/v6-m/nofp/libstdc++.a(eh_call.o)
 .text.__cxa_call_terminate
                0x0000000010005b14       0x20 /usr/local/Cellar/arm-gcc-bin@8/8-2019-q3-update/bin/../lib/gcc/arm-none-eabi/8.3.1/../../../../arm-none-eabi/lib/thumb/v6-m/nofp/libstdc++.a(eh_call.o)
                0x0000000010005b14                __cxa_call_terminate
 .text.unlikely.__cxa_call_unexpected
                0x0000000010005b34      0x100 /usr/local/Cellar/arm-gcc-bin@8/8-2019-q3-update/bin/../lib/gcc/arm-none-eabi/8.3.1/../../../../arm-none-eabi/lib/thumb/v6-m/nofp/libstdc++.a(eh_call.o)
                0x0000000010005b34                __cxa_call_unexpected
 .text._Znwj    0x0000000010005c34       0x40 /usr/local/Cellar/arm-gcc-bin@8/8-2019-q3-update/bin/../lib/gcc/arm-none-eabi/8.3.1/../../../../arm-none-eabi/lib/thumb/v6-m/nofp/libstdc++.a(new_op.o)
                0x0000000010005c34                operator new(unsigned int)
 .text._ZN10__cxxabiv111__terminateEPFvvE
                0x0000000010005c74       0x28 /usr/local/Cellar/arm-gcc-bin@8/8-2019-q3-update/bin/../lib/gcc/arm-none-eabi/8.3.1/../../../../arm-none-eabi/lib/thumb/v6-m/nofp/libstdc++.a(eh_terminate.o)
                0x0000000010005c74                __cxxabiv1::__terminate(void (*)())
 .text._ZSt9terminatev
                0x0000000010005c9c       0x10 /usr/local/Cellar/arm-gcc-bin@8/8-2019-q3-update/bin/../lib/gcc/arm-none-eabi/8.3.1/../../../../arm-none-eabi/lib/thumb/v6-m/nofp/libstdc++.a(eh_terminate.o)
                0x0000000010005c9c                std::terminate()
 .text._ZN10__cxxabiv112__unexpectedEPFvvE
                0x0000000010005cac        0x8 /usr/local/Cellar/arm-gcc-bin@8/8-2019-q3-update/bin/../lib/gcc/arm-none-eabi/8.3.1/../../../../arm-none-eabi/lib/thumb/v6-m/nofp/libstdc++.a(eh_terminate.o)
                0x0000000010005cac                __cxxabiv1::__unexpected(void (*)())
 .text._ZSt10unexpectedv
                0x0000000010005cb4       0x10 /usr/local/Cellar/arm-gcc-bin@8/8-2019-q3-update/bin/../lib/gcc/arm-none-eabi/8.3.1/../../../../arm-none-eabi/lib/thumb/v6-m/nofp/libstdc++.a(eh_terminate.o)
                0x0000000010005cb4                std::unexpected()
 .text._ZSt13get_terminatev
                0x0000000010005cc4        0xc /usr/local/Cellar/arm-gcc-bin@8/8-2019-q3-update/bin/../lib/gcc/arm-none-eabi/8.3.1/../../../../arm-none-eabi/lib/thumb/v6-m/nofp/libstdc++.a(eh_terminate.o)
                0x0000000010005cc4                std::get_terminate()
 .text._ZSt14get_unexpectedv
                0x0000000010005cd0        0xc /usr/local/Cellar/arm-gcc-bin@8/8-2019-q3-update/bin/../lib/gcc/arm-none-eabi/8.3.1/../../../../arm-none-eabi/lib/thumb/v6-m/nofp/libstdc++.a(eh_terminate.o)
                0x0000000010005cd0                std::get_unexpected()
 .text.__cxa_begin_catch
                0x0000000010005cdc       0x74 /usr/local/Cellar/arm-gcc-bin@8/8-2019-q3-update/bin/../lib/gcc/arm-none-eabi/8.3.1/../../../../arm-none-eabi/lib/thumb/v6-m/nofp/libstdc++.a(eh_catch.o)
                0x0000000010005cdc                __cxa_begin_catch
 .text.__cxa_end_catch
                0x0000000010005d50       0x8c /usr/local/Cellar/arm-gcc-bin@8/8-2019-q3-update/bin/../lib/gcc/arm-none-eabi/8.3.1/../../../../arm-none-eabi/lib/thumb/v6-m/nofp/libstdc++.a(eh_catch.o)
                0x0000000010005d50                __cxa_end_catch
 .text.__cxa_get_globals_fast
                0x0000000010005ddc        0x8 /usr/local/Cellar/arm-gcc-bin@8/8-2019-q3-update/bin/../lib/gcc/arm-none-eabi/8.3.1/../../../../arm-none-eabi/lib/thumb/v6-m/nofp/libstdc++.a(eh_globals.o)
                0x0000000010005ddc                __cxa_get_globals_fast
 .text.__cxa_get_globals
                0x0000000010005de4        0x8 /usr/local/Cellar/arm-gcc-bin@8/8-2019-q3-update/bin/../lib/gcc/arm-none-eabi/8.3.1/../../../../arm-none-eabi/lib/thumb/v6-m/nofp/libstdc++.a(eh_globals.o)
                0x0000000010005de4                __cxa_get_globals
 .text._ZNSt9exceptionD2Ev
                0x0000000010005dec        0x4 /usr/local/Cellar/arm-gcc-bin@8/8-2019-q3-update/bin/../lib/gcc/arm-none-eabi/8.3.1/../../../../arm-none-eabi/lib/thumb/v6-m/nofp/libstdc++.a(eh_exception.o)
                0x0000000010005dec                std::exception::~exception()
                0x0000000010005dec                std::exception::~exception()
 .text._ZNSt13bad_exceptionD2Ev
                0x0000000010005df0        0x4 /usr/local/Cellar/arm-gcc-bin@8/8-2019-q3-update/bin/../lib/gcc/arm-none-eabi/8.3.1/../../../../arm-none-eabi/lib/thumb/v6-m/nofp/libstdc++.a(eh_exception.o)
                0x0000000010005df0                std::bad_exception::~bad_exception()
                0x0000000010005df0                std::bad_exception::~bad_exception()
 .text._ZNKSt13bad_exception4whatEv
                0x0000000010005df4        0x8 /usr/local/Cellar/arm-gcc-bin@8/8-2019-q3-update/bin/../lib/gcc/arm-none-eabi/8.3.1/../../../../arm-none-eabi/lib/thumb/v6-m/nofp/libstdc++.a(eh_exception.o)
                0x0000000010005df4                transaction clone for std::bad_exception::what() const
                0x0000000010005df4                std::bad_exception::what() const
 .text._ZNSt13bad_exceptionD0Ev
                0x0000000010005dfc       0x10 /usr/local/Cellar/arm-gcc-bin@8/8-2019-q3-update/bin/../lib/gcc/arm-none-eabi/8.3.1/../../../../arm-none-eabi/lib/thumb/v6-m/nofp/libstdc++.a(eh_exception.o)
                0x0000000010005dfc                std::bad_exception::~bad_exception()
 .text._ZN12_GLOBAL__N_14pool4freeEPv.constprop.4
                0x0000000010005e0c       0x84 /usr/local/Cellar/arm-gcc-bin@8/8-2019-q3-update/bin/../lib/gcc/arm-none-eabi/8.3.1/../../../../arm-none-eabi/lib/thumb/v6-m/nofp/libstdc++.a(eh_alloc.o)
 .text._ZN12_GLOBAL__N_14pool8allocateEj.constprop.5
                0x0000000010005e90       0x64 /usr/local/Cellar/arm-gcc-bin@8/8-2019-q3-update/bin/../lib/gcc/arm-none-eabi/8.3.1/../../../../arm-none-eabi/lib/thumb/v6-m/nofp/libstdc++.a(eh_alloc.o)
 .text.__cxa_allocate_exception
                0x0000000010005ef4       0x2c /usr/local/Cellar/arm-gcc-bin@8/8-2019-q3-update/bin/../lib/gcc/arm-none-eabi/8.3.1/../../../../arm-none-eabi/lib/thumb/v6-m/nofp/libstdc++.a(eh_alloc.o)
                0x0000000010005ef4                __cxa_allocate_exception
 .text.__cxa_free_exception
                0x0000000010005f20       0x24 /usr/local/Cellar/arm-gcc-bin@8/8-2019-q3-update/bin/../lib/gcc/arm-none-eabi/8.3.1/../../../../arm-none-eabi/lib/thumb/v6-m/nofp/libstdc++.a(eh_alloc.o)
                0x0000000010005f20                __cxa_free_exception
 .text.startup._GLOBAL__sub_I__ZN9__gnu_cxx9__freeresEv
                0x0000000010005f44       0x2c /usr/local/Cellar/arm-gcc-bin@8/8-2019-q3-update/bin/../lib/gcc/arm-none-eabi/8.3.1/../../../../arm-none-eabi/lib/thumb/v6-m/nofp/libstdc++.a(eh_alloc.o)
 .text._ZL23__gxx_exception_cleanup19_Unwind_Reason_CodeP21_Unwind_Control_Block
                0x0000000010005f70       0x34 /usr/local/Cellar/arm-gcc-bin@8/8-2019-q3-update/bin/../lib/gcc/arm-none-eabi/8.3.1/../../../../arm-none-eabi/lib/thumb/v6-m/nofp/libstdc++.a(eh_throw.o)
 .text.__cxa_init_primary_exception
                0x0000000010005fa4       0x4c /usr/local/Cellar/arm-gcc-bin@8/8-2019-q3-update/bin/../lib/gcc/arm-none-eabi/8.3.1/../../../../arm-none-eabi/lib/thumb/v6-m/nofp/libstdc++.a(eh_throw.o)
                0x0000000010005fa4                __cxa_init_primary_exception
 .text.__cxa_throw
                0x0000000010005ff0       0x34 /usr/local/Cellar/arm-gcc-bin@8/8-2019-q3-update/bin/../lib/gcc/arm-none-eabi/8.3.1/../../../../arm-none-eabi/lib/thumb/v6-m/nofp/libstdc++.a(eh_throw.o)
                0x0000000010005ff0                __cxa_throw
 .text.__cxa_rethrow
                0x0000000010006024       0x70 /usr/local/Cellar/arm-gcc-bin@8/8-2019-q3-update/bin/../lib/gcc/arm-none-eabi/8.3.1/../../../../arm-none-eabi/lib/thumb/v6-m/nofp/libstdc++.a(eh_throw.o)
                0x0000000010006024                __cxa_rethrow
 .text._ZNKSt9bad_alloc4whatEv
                0x0000000010006094        0x8 /usr/local/Cellar/arm-gcc-bin@8/8-2019-q3-update/bin/../lib/gcc/arm-none-eabi/8.3.1/../../../../arm-none-eabi/lib/thumb/v6-m/nofp/libstdc++.a(bad_alloc.o)
                0x0000000010006094                std::bad_alloc::what() const
 .text._ZNSt9bad_allocD2Ev
                0x000000001000609c       0x18 /usr/local/Cellar/arm-gcc-bin@8/8-2019-q3-update/bin/../lib/gcc/arm-none-eabi/8.3.1/../../../../arm-none-eabi/lib/thumb/v6-m/nofp/libstdc++.a(bad_alloc.o)
                0x000000001000609c                std::bad_alloc::~bad_alloc()
                0x000000001000609c                std::bad_alloc::~bad_alloc()
 .text._ZNSt9bad_allocD0Ev
                0x00000000100060b4       0x20 /usr/local/Cellar/arm-gcc-bin@8/8-2019-q3-update/bin/../lib/gcc/arm-none-eabi/8.3.1/../../../../arm-none-eabi/lib/thumb/v6-m/nofp/libstdc++.a(bad_alloc.o)
                0x00000000100060b4                std::bad_alloc::~bad_alloc()
 .text._ZN9__gnu_cxx27__verbose_terminate_handlerEv
                0x00000000100060d4      0x114 /usr/local/Cellar/arm-gcc-bin@8/8-2019-q3-update/bin/../lib/gcc/arm-none-eabi/8.3.1/../../../../arm-none-eabi/lib/thumb/v6-m/nofp/libstdc++.a(vterminate.o)
                0x00000000100060d4                __gnu_cxx::__verbose_terminate_handler()
 .text.__cxa_current_exception_type
                0x00000000100061e8       0x1c /usr/local/Cellar/arm-gcc-bin@8/8-2019-q3-update/bin/../lib/gcc/arm-none-eabi/8.3.1/../../../../arm-none-eabi/lib/thumb/v6-m/nofp/libstdc++.a(eh_type.o)
                0x00000000100061e8                __cxa_current_exception_type
 .text._ZSt15get_new_handlerv
                0x0000000010006204        0xc /usr/local/Cellar/arm-gcc-bin@8/8-2019-q3-update/bin/../lib/gcc/arm-none-eabi/8.3.1/../../../../arm-none-eabi/lib/thumb/v6-m/nofp/libstdc++.a(new_handler.o)
                0x0000000010006204                std::get_new_handler()
 .text._ZN10__cxxabiv120__si_class_type_infoD2Ev
                0x0000000010006210       0x18 /usr/local/Cellar/arm-gcc-bin@8/8-2019-q3-update/bin/../lib/gcc/arm-none-eabi/8.3.1/../../../../arm-none-eabi/lib/thumb/v6-m/nofp/libstdc++.a(si_class_type_info.o)
                0x0000000010006210                __cxxabiv1::__si_class_type_info::~__si_class_type_info()
                0x0000000010006210                __cxxabiv1::__si_class_type_info::~__si_class_type_info()
 .text._ZN10__cxxabiv120__si_class_type_infoD0Ev
                0x0000000010006228       0x20 /usr/local/Cellar/arm-gcc-bin@8/8-2019-q3-update/bin/../lib/gcc/arm-none-eabi/8.3.1/../../../../arm-none-eabi/lib/thumb/v6-m/nofp/libstdc++.a(si_class_type_info.o)
                0x0000000010006228                __cxxabiv1::__si_class_type_info::~__si_class_type_info()
 .text._ZNK10__cxxabiv120__si_class_type_info20__do_find_public_srcEiPKvPKNS_17__class_type_infoES2_
                0x0000000010006248       0x38 /usr/local/Cellar/arm-gcc-bin@8/8-2019-q3-update/bin/../lib/gcc/arm-none-eabi/8.3.1/../../../../arm-none-eabi/lib/thumb/v6-m/nofp/libstdc++.a(si_class_type_info.o)
                0x0000000010006248                __cxxabiv1::__si_class_type_info::__do_find_public_src(int, void const*, __cxxabiv1::__class_type_info const*, void const*) const
 .text._ZNK10__cxxabiv120__si_class_type_info12__do_dyncastEiNS_17__class_type_info10__sub_kindEPKS1_PKvS4_S6_RNS1_16__dyncast_resultE
                0x0000000010006280       0x9c /usr/local/Cellar/arm-gcc-bin@8/8-2019-q3-update/bin/../lib/gcc/arm-none-eabi/8.3.1/../../../../arm-none-eabi/lib/thumb/v6-m/nofp/libstdc++.a(si_class_type_info.o)
                0x0000000010006280                __cxxabiv1::__si_class_type_info::__do_dyncast(int, __cxxabiv1::__class_type_info::__sub_kind, __cxxabiv1::__class_type_info const*, void const*, __cxxabiv1::__class_type_info const*, void const*, __cxxabiv1::__class_type_info::__dyncast_result&) const
 .text._ZNK10__cxxabiv120__si_class_type_info11__do_upcastEPKNS_17__class_type_infoEPKvRNS1_15__upcast_resultE
                0x000000001000631c       0x24 /usr/local/Cellar/arm-gcc-bin@8/8-2019-q3-update/bin/../lib/gcc/arm-none-eabi/8.3.1/../../../../arm-none-eabi/lib/thumb/v6-m/nofp/libstdc++.a(si_class_type_info.o)
                0x000000001000631c                __cxxabiv1::__si_class_type_info::__do_upcast(__cxxabiv1::__class_type_info const*, void const*, __cxxabiv1::__class_type_info::__upcast_result&) const
 .text._ZNK10__cxxabiv117__class_type_info11__do_upcastEPKS0_PPv
                0x0000000010006340       0x38 /usr/local/Cellar/arm-gcc-bin@8/8-2019-q3-update/bin/../lib/gcc/arm-none-eabi/8.3.1/../../../../arm-none-eabi/lib/thumb/v6-m/nofp/libstdc++.a(class_type_info.o)
                0x0000000010006340                __cxxabiv1::__class_type_info::__do_upcast(__cxxabiv1::__class_type_info const*, void**) const
 .text._ZNK10__cxxabiv117__class_type_info20__do_find_public_srcEiPKvPKS0_S2_
                0x0000000010006378       0x14 /usr/local/Cellar/arm-gcc-bin@8/8-2019-q3-update/bin/../lib/gcc/arm-none-eabi/8.3.1/../../../../arm-none-eabi/lib/thumb/v6-m/nofp/libstdc++.a(class_type_info.o)
                0x0000000010006378                __cxxabiv1::__class_type_info::__do_find_public_src(int, void const*, __cxxabiv1::__class_type_info const*, void const*) const
 .text._ZN10__cxxabiv117__class_type_infoD2Ev
                0x000000001000638c       0x18 /usr/local/Cellar/arm-gcc-bin@8/8-2019-q3-update/bin/../lib/gcc/arm-none-eabi/8.3.1/../../../../arm-none-eabi/lib/thumb/v6-m/nofp/libstdc++.a(class_type_info.o)
                0x000000001000638c                __cxxabiv1::__class_type_info::~__class_type_info()
                0x000000001000638c                __cxxabiv1::__class_type_info::~__class_type_info()
 .text._ZN10__cxxabiv117__class_type_infoD0Ev
                0x00000000100063a4       0x20 /usr/local/Cellar/arm-gcc-bin@8/8-2019-q3-update/bin/../lib/gcc/arm-none-eabi/8.3.1/../../../../arm-none-eabi/lib/thumb/v6-m/nofp/libstdc++.a(class_type_info.o)
                0x00000000100063a4                __cxxabiv1::__class_type_info::~__class_type_info()
 .text._ZNK10__cxxabiv117__class_type_info12__do_dyncastEiNS0_10__sub_kindEPKS0_PKvS3_S5_RNS0_16__dyncast_resultE
                0x00000000100063c4       0x40 /usr/local/Cellar/arm-gcc-bin@8/8-2019-q3-update/bin/../lib/gcc/arm-none-eabi/8.3.1/../../../../arm-none-eabi/lib/thumb/v6-m/nofp/libstdc++.a(class_type_info.o)
                0x00000000100063c4                __cxxabiv1::__class_type_info::__do_dyncast(int, __cxxabiv1::__class_type_info::__sub_kind, __cxxabiv1::__class_type_info const*, void const*, __cxxabiv1::__class_type_info const*, void const*, __cxxabiv1::__class_type_info::__dyncast_result&) const
 .text._ZNK10__cxxabiv117__class_type_info11__do_upcastEPKS0_PKvRNS0_15__upcast_resultE
                0x0000000010006404       0x1c /usr/local/Cellar/arm-gcc-bin@8/8-2019-q3-update/bin/../lib/gcc/arm-none-eabi/8.3.1/../../../../arm-none-eabi/lib/thumb/v6-m/nofp/libstdc++.a(class_type_info.o)
                0x0000000010006404                __cxxabiv1::__class_type_info::__do_upcast(__cxxabiv1::__class_type_info const*, void const*, __cxxabiv1::__class_type_info::__upcast_result&) const
 .text._ZNK10__cxxabiv117__class_type_info10__do_catchEPKSt9type_infoPPvj
                0x0000000010006420       0x24 /usr/local/Cellar/arm-gcc-bin@8/8-2019-q3-update/bin/../lib/gcc/arm-none-eabi/8.3.1/../../../../arm-none-eabi/lib/thumb/v6-m/nofp/libstdc++.a(class_type_info.o)
                0x0000000010006420                __cxxabiv1::__class_type_info::__do_catch(std::type_info const*, void**, unsigned int) const
 .text._ZNSt9type_infoD2Ev
                0x0000000010006444        0x4 /usr/local/Cellar/arm-gcc-bin@8/8-2019-q3-update/bin/../lib/gcc/arm-none-eabi/8.3.1/../../../../arm-none-eabi/lib/thumb/v6-m/nofp/libstdc++.a(tinfo.o)
                0x0000000010006444                std::type_info::~type_info()
                0x0000000010006444                std::type_info::~type_info()
 .text._ZNKSt9type_info14__is_pointer_pEv
                0x0000000010006448        0x4 /usr/local/Cellar/arm-gcc-bin@8/8-2019-q3-update/bin/../lib/gcc/arm-none-eabi/8.3.1/../../../../arm-none-eabi/lib/thumb/v6-m/nofp/libstdc++.a(tinfo.o)
                0x0000000010006448                std::type_info::__is_function_p() const
                0x0000000010006448                std::type_info::__is_pointer_p() const
 .text._ZNKSt9type_infoeqERKS_
                0x000000001000644c       0x30 /usr/local/Cellar/arm-gcc-bin@8/8-2019-q3-update/bin/../lib/gcc/arm-none-eabi/8.3.1/../../../../arm-none-eabi/lib/thumb/v6-m/nofp/libstdc++.a(tinfo.o)
                0x000000001000644c                std::type_info::operator==(std::type_info const&) const
 .text          0x000000001000647c     0x7214 /usr/local/Cellar/arm-gcc-bin@8/8-2019-q3-update/bin/../lib/gcc/arm-none-eabi/8.3.1/../../../../arm-none-eabi/lib/thumb/v6-m/nofp/libstdc++.a(cp-demangle.o)
                0x000000001000d59c                __cxa_demangle
                0x000000001000d66c                __gcclibcxx_demangle_callback
 .text.abort    0x000000001000d690       0x10 /usr/local/Cellar/arm-gcc-bin@8/8-2019-q3-update/bin/../lib/gcc/arm-none-eabi/8.3.1/../../../../arm-none-eabi/lib/thumb/v6-m/nofp/libg.a(lib_a-abort.o)
                0x000000001000d690                abort
 .text.fputc    0x000000001000d6a0       0x58 /usr/local/Cellar/arm-gcc-bin@8/8-2019-q3-update/bin/../lib/gcc/arm-none-eabi/8.3.1/../../../../arm-none-eabi/lib/thumb/v6-m/nofp/libg.a(lib_a-fputc.o)
                0x000000001000d6a0                fputc
 .text._fputs_r
                0x000000001000d6f8       0x8c /usr/local/Cellar/arm-gcc-bin@8/8-2019-q3-update/bin/../lib/gcc/arm-none-eabi/8.3.1/../../../../arm-none-eabi/lib/thumb/v6-m/nofp/libg.a(lib_a-fputs.o)
                0x000000001000d6f8                _fputs_r
 .text.fputs    0x000000001000d784       0x18 /usr/local/Cellar/arm-gcc-bin@8/8-2019-q3-update/bin/../lib/gcc/arm-none-eabi/8.3.1/../../../../arm-none-eabi/lib/thumb/v6-m/nofp/libg.a(lib_a-fputs.o)
                0x000000001000d784                fputs
 .text.__sfvwrite_r
                0x000000001000d79c      0x320 /usr/local/Cellar/arm-gcc-bin@8/8-2019-q3-update/bin/../lib/gcc/arm-none-eabi/8.3.1/../../../../arm-none-eabi/lib/thumb/v6-m/nofp/libg.a(lib_a-fvwrite.o)
                0x000000001000d79c                __sfvwrite_r
 .text._fwrite_r
                0x000000001000dabc       0xb0 /usr/local/Cellar/arm-gcc-bin@8/8-2019-q3-update/bin/../lib/gcc/arm-none-eabi/8.3.1/../../../../arm-none-eabi/lib/thumb/v6-m/nofp/libg.a(lib_a-fwrite.o)
                0x000000001000dabc                _fwrite_r
 .text.fwrite   0x000000001000db6c       0x20 /usr/local/Cellar/arm-gcc-bin@8/8-2019-q3-update/bin/../lib/gcc/arm-none-eabi/8.3.1/../../../../arm-none-eabi/lib/thumb/v6-m/nofp/libg.a(lib_a-fwrite.o)
                0x000000001000db6c                fwrite
 .text.__retarget_lock_init_recursive
                0x000000001000db8c        0x4 /usr/local/Cellar/arm-gcc-bin@8/8-2019-q3-update/bin/../lib/gcc/arm-none-eabi/8.3.1/../../../../arm-none-eabi/lib/thumb/v6-m/nofp/libg.a(lib_a-lock.o)
                0x000000001000db8c                __retarget_lock_init_recursive
 .text.__retarget_lock_close_recursive
                0x000000001000db90        0x4 /usr/local/Cellar/arm-gcc-bin@8/8-2019-q3-update/bin/../lib/gcc/arm-none-eabi/8.3.1/../../../../arm-none-eabi/lib/thumb/v6-m/nofp/libg.a(lib_a-lock.o)
                0x000000001000db90                __retarget_lock_close_recursive
 .text.__retarget_lock_acquire_recursive
                0x000000001000db94        0x4 /usr/local/Cellar/arm-gcc-bin@8/8-2019-q3-update/bin/../lib/gcc/arm-none-eabi/8.3.1/../../../../arm-none-eabi/lib/thumb/v6-m/nofp/libg.a(lib_a-lock.o)
                0x000000001000db94                __retarget_lock_acquire_recursive
 .text.__retarget_lock_release_recursive
                0x000000001000db98        0x4 /usr/local/Cellar/arm-gcc-bin@8/8-2019-q3-update/bin/../lib/gcc/arm-none-eabi/8.3.1/../../../../arm-none-eabi/lib/thumb/v6-m/nofp/libg.a(lib_a-lock.o)
                0x000000001000db98                __retarget_lock_release_recursive
 .text.malloc   0x000000001000db9c       0x14 /usr/local/Cellar/arm-gcc-bin@8/8-2019-q3-update/bin/../lib/gcc/arm-none-eabi/8.3.1/../../../../arm-none-eabi/lib/thumb/v6-m/nofp/libg.a(lib_a-malloc.o)
                0x000000001000db9c                malloc
 .text.free     0x000000001000dbb0       0x14 /usr/local/Cellar/arm-gcc-bin@8/8-2019-q3-update/bin/../lib/gcc/arm-none-eabi/8.3.1/../../../../arm-none-eabi/lib/thumb/v6-m/nofp/libg.a(lib_a-malloc.o)
                0x000000001000dbb0                free
 .text._malloc_r
                0x000000001000dbc4      0x598 /usr/local/Cellar/arm-gcc-bin@8/8-2019-q3-update/bin/../lib/gcc/arm-none-eabi/8.3.1/../../../../arm-none-eabi/lib/thumb/v6-m/nofp/libg.a(lib_a-mallocr.o)
                0x000000001000dbc4                _malloc_r
 .text.memchr   0x000000001000e15c       0x80 /usr/local/Cellar/arm-gcc-bin@8/8-2019-q3-update/bin/../lib/gcc/arm-none-eabi/8.3.1/../../../../arm-none-eabi/lib/thumb/v6-m/nofp/libg.a(lib_a-memchr-stub.o)
                0x000000001000e15c                memchr
 .text.memcmp   0x000000001000e1dc       0x50 /usr/local/Cellar/arm-gcc-bin@8/8-2019-q3-update/bin/../lib/gcc/arm-none-eabi/8.3.1/../../../../arm-none-eabi/lib/thumb/v6-m/nofp/libg.a(lib_a-memcmp.o)
                0x000000001000e1dc                memcmp
 .text.memmove  0x000000001000e22c       0xbc /usr/local/Cellar/arm-gcc-bin@8/8-2019-q3-update/bin/../lib/gcc/arm-none-eabi/8.3.1/../../../../arm-none-eabi/lib/thumb/v6-m/nofp/libg.a(lib_a-memmove.o)
                0x000000001000e22c                memmove
 .text.__malloc_lock
                0x000000001000e2e8       0x10 /usr/local/Cellar/arm-gcc-bin@8/8-2019-q3-update/bin/../lib/gcc/arm-none-eabi/8.3.1/../../../../arm-none-eabi/lib/thumb/v6-m/nofp/libg.a(lib_a-mlock.o)
                0x000000001000e2e8                __malloc_lock
 .text.__malloc_unlock
                0x000000001000e2f8       0x10 /usr/local/Cellar/arm-gcc-bin@8/8-2019-q3-update/bin/../lib/gcc/arm-none-eabi/8.3.1/../../../../arm-none-eabi/lib/thumb/v6-m/nofp/libg.a(lib_a-mlock.o)
                0x000000001000e2f8                __malloc_unlock
 .text._putc_r  0x000000001000e308       0x74 /usr/local/Cellar/arm-gcc-bin@8/8-2019-q3-update/bin/../lib/gcc/arm-none-eabi/8.3.1/../../../../arm-none-eabi/lib/thumb/v6-m/nofp/libg.a(lib_a-putc.o)
                0x000000001000e308                _putc_r
 .text.srand    0x000000001000e37c       0x14 /usr/local/Cellar/arm-gcc-bin@8/8-2019-q3-update/bin/../lib/gcc/arm-none-eabi/8.3.1/../../../../arm-none-eabi/lib/thumb/v6-m/nofp/libg.a(lib_a-rand.o)
                0x000000001000e37c                srand
 .text.rand     0x000000001000e390       0x34 /usr/local/Cellar/arm-gcc-bin@8/8-2019-q3-update/bin/../lib/gcc/arm-none-eabi/8.3.1/../../../../arm-none-eabi/lib/thumb/v6-m/nofp/libg.a(lib_a-rand.o)
                0x000000001000e390                rand
 .text.realloc  0x000000001000e3c4       0x18 /usr/local/Cellar/arm-gcc-bin@8/8-2019-q3-update/bin/../lib/gcc/arm-none-eabi/8.3.1/../../../../arm-none-eabi/lib/thumb/v6-m/nofp/libg.a(lib_a-realloc.o)
                0x000000001000e3c4                realloc
 .text._realloc_r
                0x000000001000e3dc      0x35c /usr/local/Cellar/arm-gcc-bin@8/8-2019-q3-update/bin/../lib/gcc/arm-none-eabi/8.3.1/../../../../arm-none-eabi/lib/thumb/v6-m/nofp/libg.a(lib_a-reallocr.o)
                0x000000001000e3dc                _realloc_r
 .text._sbrk_r  0x000000001000e738       0x24 /usr/local/Cellar/arm-gcc-bin@8/8-2019-q3-update/bin/../lib/gcc/arm-none-eabi/8.3.1/../../../../arm-none-eabi/lib/thumb/v6-m/nofp/libg.a(lib_a-sbrkr.o)
                0x000000001000e738                _sbrk_r
 .text._raise_r
                0x000000001000e75c       0x5c /usr/local/Cellar/arm-gcc-bin@8/8-2019-q3-update/bin/../lib/gcc/arm-none-eabi/8.3.1/../../../../arm-none-eabi/lib/thumb/v6-m/nofp/libg.a(lib_a-signal.o)
                0x000000001000e75c                _raise_r
 .text.raise    0x000000001000e7b8       0x14 /usr/local/Cellar/arm-gcc-bin@8/8-2019-q3-update/bin/../lib/gcc/arm-none-eabi/8.3.1/../../../../arm-none-eabi/lib/thumb/v6-m/nofp/libg.a(lib_a-signal.o)
                0x000000001000e7b8                raise
 .text._kill_r  0x000000001000e7cc       0x28 /usr/local/Cellar/arm-gcc-bin@8/8-2019-q3-update/bin/../lib/gcc/arm-none-eabi/8.3.1/../../../../arm-none-eabi/lib/thumb/v6-m/nofp/libg.a(lib_a-signalr.o)
                0x000000001000e7cc                _kill_r
 .text._getpid_r
                0x000000001000e7f4        0x8 /usr/local/Cellar/arm-gcc-bin@8/8-2019-q3-update/bin/../lib/gcc/arm-none-eabi/8.3.1/../../../../arm-none-eabi/lib/thumb/v6-m/nofp/libg.a(lib_a-signalr.o)
                0x000000001000e7f4                _getpid_r
 .text          0x000000001000e7fc       0x88 /usr/local/Cellar/arm-gcc-bin@8/8-2019-q3-update/bin/../lib/gcc/arm-none-eabi/8.3.1/../../../../arm-none-eabi/lib/thumb/v6-m/nofp/libg.a(lib_a-strcmp.o)
                0x000000001000e7fc                strcmp
 .text.strlen   0x000000001000e884       0x68 /usr/local/Cellar/arm-gcc-bin@8/8-2019-q3-update/bin/../lib/gcc/arm-none-eabi/8.3.1/../../../../arm-none-eabi/lib/thumb/v6-m/nofp/libg.a(lib_a-strlen-stub.o)
                0x000000001000e884                strlen
 .text.strncmp  0x000000001000e8ec       0x94 /usr/local/Cellar/arm-gcc-bin@8/8-2019-q3-update/bin/../lib/gcc/arm-none-eabi/8.3.1/../../../../arm-none-eabi/lib/thumb/v6-m/nofp/libg.a(lib_a-strncmp.o)
                0x000000001000e8ec                strncmp
 .text.__swbuf_r
                0x000000001000e980       0xc8 /usr/local/Cellar/arm-gcc-bin@8/8-2019-q3-update/bin/../lib/gcc/arm-none-eabi/8.3.1/../../../../arm-none-eabi/lib/thumb/v6-m/nofp/libg.a(lib_a-wbuf.o)
                0x000000001000e980                __swbuf_r
 .text._write_r
                0x000000001000ea48       0x28 /usr/local/Cellar/arm-gcc-bin@8/8-2019-q3-update/bin/../lib/gcc/arm-none-eabi/8.3.1/../../../../arm-none-eabi/lib/thumb/v6-m/nofp/libg.a(lib_a-writer.o)
                0x000000001000ea48                _write_r
 .text.__swsetup_r
                0x000000001000ea70       0xdc /usr/local/Cellar/arm-gcc-bin@8/8-2019-q3-update/bin/../lib/gcc/arm-none-eabi/8.3.1/../../../../arm-none-eabi/lib/thumb/v6-m/nofp/libg.a(lib_a-wsetup.o)
                0x000000001000ea70                __swsetup_r
 .text.__sflush_r
                0x000000001000eb4c      0x160 /usr/local/Cellar/arm-gcc-bin@8/8-2019-q3-update/bin/../lib/gcc/arm-none-eabi/8.3.1/../../../../arm-none-eabi/lib/thumb/v6-m/nofp/libg.a(lib_a-fflush.o)
                0x000000001000eb4c                __sflush_r
 .text._fflush_r
                0x000000001000ecac       0x6c /usr/local/Cellar/arm-gcc-bin@8/8-2019-q3-update/bin/../lib/gcc/arm-none-eabi/8.3.1/../../../../arm-none-eabi/lib/thumb/v6-m/nofp/libg.a(lib_a-fflush.o)
                0x000000001000ecac                _fflush_r
 .text.std      0x000000001000ed18       0x50 /usr/local/Cellar/arm-gcc-bin@8/8-2019-q3-update/bin/../lib/gcc/arm-none-eabi/8.3.1/../../../../arm-none-eabi/lib/thumb/v6-m/nofp/libg.a(lib_a-findfp.o)
 .text._cleanup_r
                0x000000001000ed68       0x10 /usr/local/Cellar/arm-gcc-bin@8/8-2019-q3-update/bin/../lib/gcc/arm-none-eabi/8.3.1/../../../../arm-none-eabi/lib/thumb/v6-m/nofp/libg.a(lib_a-findfp.o)
                0x000000001000ed68                _cleanup_r
 .text.__sinit  0x000000001000ed78       0x60 /usr/local/Cellar/arm-gcc-bin@8/8-2019-q3-update/bin/../lib/gcc/arm-none-eabi/8.3.1/../../../../arm-none-eabi/lib/thumb/v6-m/nofp/libg.a(lib_a-findfp.o)
                0x000000001000ed78                __sinit
 .text.__sfp_lock_acquire
                0x000000001000edd8       0x10 /usr/local/Cellar/arm-gcc-bin@8/8-2019-q3-update/bin/../lib/gcc/arm-none-eabi/8.3.1/../../../../arm-none-eabi/lib/thumb/v6-m/nofp/libg.a(lib_a-findfp.o)
                0x000000001000edd8                __sfp_lock_acquire
 .text.__sfp_lock_release
                0x000000001000ede8       0x10 /usr/local/Cellar/arm-gcc-bin@8/8-2019-q3-update/bin/../lib/gcc/arm-none-eabi/8.3.1/../../../../arm-none-eabi/lib/thumb/v6-m/nofp/libg.a(lib_a-findfp.o)
                0x000000001000ede8                __sfp_lock_release
 .text._malloc_trim_r
                0x000000001000edf8       0xa0 /usr/local/Cellar/arm-gcc-bin@8/8-2019-q3-update/bin/../lib/gcc/arm-none-eabi/8.3.1/../../../../arm-none-eabi/lib/thumb/v6-m/nofp/libg.a(lib_a-freer.o)
                0x000000001000edf8                _malloc_trim_r
 .text._free_r  0x000000001000ee98      0x1dc /usr/local/Cellar/arm-gcc-bin@8/8-2019-q3-update/bin/../lib/gcc/arm-none-eabi/8.3.1/../../../../arm-none-eabi/lib/thumb/v6-m/nofp/libg.a(lib_a-freer.o)
                0x000000001000ee98                _free_r
 .text._fwalk_reent
                0x000000001000f074       0x4c /usr/local/Cellar/arm-gcc-bin@8/8-2019-q3-update/bin/../lib/gcc/arm-none-eabi/8.3.1/../../../../arm-none-eabi/lib/thumb/v6-m/nofp/libg.a(lib_a-fwalk.o)
                0x000000001000f074                _fwalk_reent
 .text.__swhatbuf_r
                0x000000001000f0c0       0x60 /usr/local/Cellar/arm-gcc-bin@8/8-2019-q3-update/bin/../lib/gcc/arm-none-eabi/8.3.1/../../../../arm-none-eabi/lib/thumb/v6-m/nofp/libg.a(lib_a-makebuf.o)
                0x000000001000f0c0                __swhatbuf_r
 .text.__smakebuf_r
                0x000000001000f120       0x90 /usr/local/Cellar/arm-gcc-bin@8/8-2019-q3-update/bin/../lib/gcc/arm-none-eabi/8.3.1/../../../../arm-none-eabi/lib/thumb/v6-m/nofp/libg.a(lib_a-makebuf.o)
                0x000000001000f120                __smakebuf_r
 .text.__sread  0x000000001000f1b0       0x28 /usr/local/Cellar/arm-gcc-bin@8/8-2019-q3-update/bin/../lib/gcc/arm-none-eabi/8.3.1/../../../../arm-none-eabi/lib/thumb/v6-m/nofp/libg.a(lib_a-stdio.o)
                0x000000001000f1b0                __sread
 .text.__swrite
                0x000000001000f1d8       0x40 /usr/local/Cellar/arm-gcc-bin@8/8-2019-q3-update/bin/../lib/gcc/arm-none-eabi/8.3.1/../../../../arm-none-eabi/lib/thumb/v6-m/nofp/libg.a(lib_a-stdio.o)
                0x000000001000f1d8                __swrite
 .text.__sseek  0x000000001000f218       0x2c /usr/local/Cellar/arm-gcc-bin@8/8-2019-q3-update/bin/../lib/gcc/arm-none-eabi/8.3.1/../../../../arm-none-eabi/lib/thumb/v6-m/nofp/libg.a(lib_a-stdio.o)
                0x000000001000f218                __sseek
 .text.__sclose
                0x000000001000f244        0xc /usr/local/Cellar/arm-gcc-bin@8/8-2019-q3-update/bin/../lib/gcc/arm-none-eabi/8.3.1/../../../../arm-none-eabi/lib/thumb/v6-m/nofp/libg.a(lib_a-stdio.o)
                0x000000001000f244                __sclose
 .text._close_r
                0x000000001000f250       0x24 /usr/local/Cellar/arm-gcc-bin@8/8-2019-q3-update/bin/../lib/gcc/arm-none-eabi/8.3.1/../../../../arm-none-eabi/lib/thumb/v6-m/nofp/libg.a(lib_a-closer.o)
                0x000000001000f250                _close_r
 .text._fclose_r
                0x000000001000f274       0xd8 /usr/local/Cellar/arm-gcc-bin@8/8-2019-q3-update/bin/../lib/gcc/arm-none-eabi/8.3.1/../../../../arm-none-eabi/lib/thumb/v6-m/nofp/libg.a(lib_a-fclose.o)
                0x000000001000f274                _fclose_r
 .text._fstat_r
                0x000000001000f34c       0x28 /usr/local/Cellar/arm-gcc-bin@8/8-2019-q3-update/bin/../lib/gcc/arm-none-eabi/8.3.1/../../../../arm-none-eabi/lib/thumb/v6-m/nofp/libg.a(lib_a-fstatr.o)
                0x000000001000f34c                _fstat_r
 .text._isatty_r
                0x000000001000f374       0x24 /usr/local/Cellar/arm-gcc-bin@8/8-2019-q3-update/bin/../lib/gcc/arm-none-eabi/8.3.1/../../../../arm-none-eabi/lib/thumb/v6-m/nofp/libg.a(lib_a-isattyr.o)
                0x000000001000f374                _isatty_r
 .text._lseek_r
                0x000000001000f398       0x28 /usr/local/Cellar/arm-gcc-bin@8/8-2019-q3-update/bin/../lib/gcc/arm-none-eabi/8.3.1/../../../../arm-none-eabi/lib/thumb/v6-m/nofp/libg.a(lib_a-lseekr.o)
                0x000000001000f398                _lseek_r
 .text._read_r  0x000000001000f3c0       0x28 /usr/local/Cellar/arm-gcc-bin@8/8-2019-q3-update/bin/../lib/gcc/arm-none-eabi/8.3.1/../../../../arm-none-eabi/lib/thumb/v6-m/nofp/libg.a(lib_a-readr.o)
                0x000000001000f3c0                _read_r
 .text._close   0x000000001000f3e8       0x10 /usr/local/Cellar/arm-gcc-bin@8/8-2019-q3-update/bin/../lib/gcc/arm-none-eabi/8.3.1/../../../../arm-none-eabi/lib/thumb/v6-m/nofp/libnosys.a(close.o)
                0x000000001000f3e8                _close
 .text._fstat   0x000000001000f3f8       0x10 /usr/local/Cellar/arm-gcc-bin@8/8-2019-q3-update/bin/../lib/gcc/arm-none-eabi/8.3.1/../../../../arm-none-eabi/lib/thumb/v6-m/nofp/libnosys.a(fstat.o)
                0x000000001000f3f8                _fstat
 .text._getpid  0x000000001000f408       0x10 /usr/local/Cellar/arm-gcc-bin@8/8-2019-q3-update/bin/../lib/gcc/arm-none-eabi/8.3.1/../../../../arm-none-eabi/lib/thumb/v6-m/nofp/libnosys.a(getpid.o)
                0x000000001000f408                _getpid
 .text._isatty  0x000000001000f418       0x10 /usr/local/Cellar/arm-gcc-bin@8/8-2019-q3-update/bin/../lib/gcc/arm-none-eabi/8.3.1/../../../../arm-none-eabi/lib/thumb/v6-m/nofp/libnosys.a(isatty.o)
                0x000000001000f418                _isatty
 .text._kill    0x000000001000f428       0x10 /usr/local/Cellar/arm-gcc-bin@8/8-2019-q3-update/bin/../lib/gcc/arm-none-eabi/8.3.1/../../../../arm-none-eabi/lib/thumb/v6-m/nofp/libnosys.a(kill.o)
                0x000000001000f428                _kill
 .text._lseek   0x000000001000f438       0x10 /usr/local/Cellar/arm-gcc-bin@8/8-2019-q3-update/bin/../lib/gcc/arm-none-eabi/8.3.1/../../../../arm-none-eabi/lib/thumb/v6-m/nofp/libnosys.a(lseek.o)
                0x000000001000f438                _lseek
 *(.fini)
 .fini          0x000000001000f448        0x4 /usr/local/Cellar/arm-gcc-bin@8/8-2019-q3-update/bin/../lib/gcc/arm-none-eabi/8.3.1/thumb/v6-m/nofp/crti.o
                0x000000001000f448                _fini
 *fill*         0x000000001000f44c        0x4 
 .fini.__stub   0x000000001000f450      0x110 linker stubs
 *crtbegin.o(.ctors)
 *crtbegin?.o(.ctors)
 *(EXCLUDE_FILE(*crtend.o *crtend?.o) .ctors)
 *(SORT_BY_NAME(.ctors.*))
 *(.ctors)
 *crtbegin.o(.dtors)
 *crtbegin?.o(.dtors)
 *(EXCLUDE_FILE(*crtend.o *crtend?.o) .dtors)
 *(SORT_BY_NAME(.dtors.*))
 *(.dtors)
 *(.eh_frame*)
 .eh_frame      0x000000001000f560        0x0 /usr/local/Cellar/arm-gcc-bin@8/8-2019-q3-update/bin/../lib/gcc/arm-none-eabi/8.3.1/thumb/v6-m/nofp/crtbegin.o
                0x000000001000f560                . = ALIGN (0x4)

.glue_7         0x000000001000f560        0x0
 .glue_7        0x000000001000f560        0x0 linker stubs

.glue_7t        0x000000001000f560        0x0
 .glue_7t       0x000000001000f560        0x0 linker stubs

.vfp11_veneer   0x000000001000f560        0x0
 .vfp11_veneer  0x000000001000f560        0x0 linker stubs

.v4_bx          0x000000001000f560        0x0
 .v4_bx         0x000000001000f560        0x0 linker stubs

.iplt           0x000000001000f560        0x0
 .iplt          0x000000001000f560        0x0 /usr/local/Cellar/arm-gcc-bin@8/8-2019-q3-update/bin/../lib/gcc/arm-none-eabi/8.3.1/thumb/v6-m/nofp/crtbegin.o

.rodata         0x000000001000f560     0x2bcc
 *(EXCLUDE_FILE(*libm.a: *libc.a:*lib_a-mem*.o *libgcc.a:) .rodata*)
 .rodata.main.str1.4
                0x000000001000f560       0x22 CMakeFiles/devdeck-monitor.dir/devdeck-monitor.cpp.obj
 *fill*         0x000000001000f582        0x2 
 .rodata._ZL11smd_program
                0x000000001000f584        0x6 CMakeFiles/devdeck-monitor.dir/smd.cpp.obj
 *fill*         0x000000001000f58a        0x2 
 .rodata._ZL24smd_program_instructions
                0x000000001000f58c        0x4 CMakeFiles/devdeck-monitor.dir/smd.cpp.obj
 .rodata.repeating_timer_callback.str1.4
                0x000000001000f590       0x58 CMakeFiles/devdeck-monitor.dir/Users/luis/Code/personal/pico/pico-sdk/src/common/pico_time/time.c.obj
 .rodata.alarm_pool_dump_key.str1.4
                0x000000001000f5e8       0x33 CMakeFiles/devdeck-monitor.dir/Users/luis/Code/personal/pico/pico-sdk/src/common/pico_time/time.c.obj
 *fill*         0x000000001000f61b        0x1 
 .rodata.ph_add_child_node.str1.4
                0x000000001000f61c       0xa2 CMakeFiles/devdeck-monitor.dir/Users/luis/Code/personal/pico/pico-sdk/src/common/pico_time/time.c.obj
 *fill*         0x000000001000f6be        0x2 
 .rodata.add_alarm_under_lock.str1.4
                0x000000001000f6c0       0x28 CMakeFiles/devdeck-monitor.dir/Users/luis/Code/personal/pico/pico-sdk/src/common/pico_time/time.c.obj
                                         0x2b (size before relaxing)
 .rodata.alarm_pool_alarm_callback.str1.4
                0x000000001000f6e8       0xf2 CMakeFiles/devdeck-monitor.dir/Users/luis/Code/personal/pico/pico-sdk/src/common/pico_time/time.c.obj
 *fill*         0x000000001000f7da        0x2 
 .rodata.alarm_pool_get_default.str1.4
                0x000000001000f7dc       0x21 CMakeFiles/devdeck-monitor.dir/Users/luis/Code/personal/pico/pico-sdk/src/common/pico_time/time.c.obj
 *fill*         0x000000001000f7fd        0x3 
 .rodata.sleep_until.str1.4
                0x000000001000f800       0x4d CMakeFiles/devdeck-monitor.dir/Users/luis/Code/personal/pico/pico-sdk/src/common/pico_time/time.c.obj
 *fill*         0x000000001000f84d        0x3 
 .rodata.__func__.5644
                0x000000001000f850       0x15 CMakeFiles/devdeck-monitor.dir/Users/luis/Code/personal/pico/pico-sdk/src/common/pico_time/time.c.obj
 *fill*         0x000000001000f865        0x3 
 .rodata.__func__.5941
                0x000000001000f868        0xc CMakeFiles/devdeck-monitor.dir/Users/luis/Code/personal/pico/pico-sdk/src/common/pico_time/time.c.obj
 .rodata.__func__.5948
                0x000000001000f874       0x12 CMakeFiles/devdeck-monitor.dir/Users/luis/Code/personal/pico/pico-sdk/src/common/pico_time/time.c.obj
 *fill*         0x000000001000f886        0x2 
 .rodata.__func__.5964
                0x000000001000f888        0xf CMakeFiles/devdeck-monitor.dir/Users/luis/Code/personal/pico/pico-sdk/src/common/pico_time/time.c.obj
 *fill*         0x000000001000f897        0x1 
 .rodata.__func__.5986
                0x000000001000f898        0xd CMakeFiles/devdeck-monitor.dir/Users/luis/Code/personal/pico/pico-sdk/src/common/pico_time/time.c.obj
 *fill*         0x000000001000f8a5        0x3 
 .rodata.__func__.6105
                0x000000001000f8a8        0xa CMakeFiles/devdeck-monitor.dir/Users/luis/Code/personal/pico/pico-sdk/src/common/pico_time/time.c.obj
 *fill*         0x000000001000f8b2        0x2 
 .rodata.__func__.6110
                0x000000001000f8b4       0x12 CMakeFiles/devdeck-monitor.dir/Users/luis/Code/personal/pico/pico-sdk/src/common/pico_time/time.c.obj
 *fill*         0x000000001000f8c6        0x2 
 .rodata.__func__.6125
                0x000000001000f8c8       0x17 CMakeFiles/devdeck-monitor.dir/Users/luis/Code/personal/pico/pico-sdk/src/common/pico_time/time.c.obj
 *fill*         0x000000001000f8df        0x1 
 .rodata.__func__.6136
                0x000000001000f8e0       0x15 CMakeFiles/devdeck-monitor.dir/Users/luis/Code/personal/pico/pico-sdk/src/common/pico_time/time.c.obj
 *fill*         0x000000001000f8f5        0x3 
 .rodata.__func__.6153
                0x000000001000f8f8       0x1a CMakeFiles/devdeck-monitor.dir/Users/luis/Code/personal/pico/pico-sdk/src/common/pico_time/time.c.obj
 *fill*         0x000000001000f912        0x6 
 .rodata.at_the_end_of_time
                0x000000001000f918        0x8 CMakeFiles/devdeck-monitor.dir/Users/luis/Code/personal/pico/pico-sdk/src/common/pico_time/time.c.obj
                0x000000001000f918                at_the_end_of_time
 .rodata.hardware_alarm_claim.str1.4
                0x000000001000f920       0x22 CMakeFiles/devdeck-monitor.dir/Users/luis/Code/personal/pico/pico-sdk/src/rp2_common/hardware_timer/timer.c.obj
 *fill*         0x000000001000f942        0x2 
 .rodata.hardware_alarm_set_target.str1.4
                0x000000001000f944       0x72 CMakeFiles/devdeck-monitor.dir/Users/luis/Code/personal/pico/pico-sdk/src/rp2_common/hardware_timer/timer.c.obj
 *fill*         0x000000001000f9b6        0x2 
 .rodata.__func__.4537
                0x000000001000f9b8       0x1a CMakeFiles/devdeck-monitor.dir/Users/luis/Code/personal/pico/pico-sdk/src/rp2_common/hardware_timer/timer.c.obj
 *fill*         0x000000001000f9d2        0x2 
 .rodata.str1.4
                0x000000001000f9d4       0x6c CMakeFiles/devdeck-monitor.dir/Users/luis/Code/personal/pico/pico-sdk/src/common/pico_sync/mutex.c.obj
                                         0xdc (size before relaxing)
 .rodata.__func__.4592
                0x000000001000fa40       0x15 CMakeFiles/devdeck-monitor.dir/Users/luis/Code/personal/pico/pico-sdk/src/common/pico_sync/mutex.c.obj
 *fill*         0x000000001000fa55        0x3 
 .rodata.__func__.4620
                0x000000001000fa58        0xb CMakeFiles/devdeck-monitor.dir/Users/luis/Code/personal/pico/pico-sdk/src/common/pico_sync/mutex.c.obj
 .rodata.ph_add_child_node.str1.4
                0x000000001000fa63       0xa2 CMakeFiles/devdeck-monitor.dir/Users/luis/Code/personal/pico/pico-sdk/src/common/pico_util/pheap.c.obj
 *fill*         0x000000001000fa63        0x1 
 .rodata.ph_remove_any_head.str1.4
                0x000000001000fa64       0x9c CMakeFiles/devdeck-monitor.dir/Users/luis/Code/personal/pico/pico-sdk/src/common/pico_util/pheap.c.obj
 .rodata.ph_remove_and_free_node.str1.4
                0x000000001000fb00       0x26 CMakeFiles/devdeck-monitor.dir/Users/luis/Code/personal/pico/pico-sdk/src/common/pico_util/pheap.c.obj
 *fill*         0x000000001000fb26        0x2 
 .rodata.__func__.5717
                0x000000001000fb28        0xc CMakeFiles/devdeck-monitor.dir/Users/luis/Code/personal/pico/pico-sdk/src/common/pico_util/pheap.c.obj
 .rodata.__func__.5724
                0x000000001000fb34       0x12 CMakeFiles/devdeck-monitor.dir/Users/luis/Code/personal/pico/pico-sdk/src/common/pico_util/pheap.c.obj
 *fill*         0x000000001000fb46        0x2 
 .rodata.__func__.5810
                0x000000001000fb48       0x13 CMakeFiles/devdeck-monitor.dir/Users/luis/Code/personal/pico/pico-sdk/src/common/pico_util/pheap.c.obj